Archive member included to satisfy reference by file (symbol)

D:\Github\UART-RTOS-Project\ArduinoRTOS_Sketch\ArduinoCore\Debug\libArduinoCore.a(cortex_handlers.o)
                              (Reset_Handler)
D:\Github\UART-RTOS-Project\ArduinoRTOS_Sketch\ArduinoCore\Debug\libArduinoCore.a(delay.o)
                              D:\Github\UART-RTOS-Project\ArduinoRTOS_Sketch\ArduinoCore\Debug\libArduinoCore.a(cortex_handlers.o) (SysTick_DefaultHandler)
D:\Github\UART-RTOS-Project\ArduinoRTOS_Sketch\ArduinoCore\Debug\libArduinoCore.a(hooks.o)
                              D:\Github\UART-RTOS-Project\ArduinoRTOS_Sketch\ArduinoCore\Debug\libArduinoCore.a(delay.o) (yield)
D:\Github\UART-RTOS-Project\ArduinoRTOS_Sketch\ArduinoCore\Debug\libArduinoCore.a(main.o)
                              c:/program files (x86)/atmel/studio/7.0/toolchain/arm/arm-gnu-toolchain/bin/../lib/gcc/arm-none-eabi/6.3.1/../../../../arm-none-eabi/lib/thumb/v6-m/crt0.o (main)
D:\Github\UART-RTOS-Project\ArduinoRTOS_Sketch\ArduinoCore\Debug\libArduinoCore.a(new.o)
                              Main.o (operator new(unsigned int))
D:\Github\UART-RTOS-Project\ArduinoRTOS_Sketch\ArduinoCore\Debug\libArduinoCore.a(Reset.o)
                              D:\Github\UART-RTOS-Project\ArduinoRTOS_Sketch\ArduinoCore\Debug\libArduinoCore.a(delay.o) (tickReset)
D:\Github\UART-RTOS-Project\ArduinoRTOS_Sketch\ArduinoCore\Debug\libArduinoCore.a(startup.o)
                              D:\Github\UART-RTOS-Project\ArduinoRTOS_Sketch\ArduinoCore\Debug\libArduinoCore.a(cortex_handlers.o) (SystemInit)
D:\Github\UART-RTOS-Project\ArduinoRTOS_Sketch\ArduinoCore\Debug\libArduinoCore.a(USBCore.o)
                              D:\Github\UART-RTOS-Project\ArduinoRTOS_Sketch\ArduinoCore\Debug\libArduinoCore.a(main.o) (USBDeviceClass::init())
D:\Github\UART-RTOS-Project\ArduinoRTOS_Sketch\ArduinoCore\Debug\libArduinoCore.a(wiring.o)
                              D:\Github\UART-RTOS-Project\ArduinoRTOS_Sketch\ArduinoCore\Debug\libArduinoCore.a(main.o) (init)
D:\Github\UART-RTOS-Project\ArduinoRTOS_Sketch\ArduinoCore\Debug\libArduinoCore.a(wiring_analog.o)
                              D:\Github\UART-RTOS-Project\ArduinoRTOS_Sketch\ArduinoCore\Debug\libArduinoCore.a(wiring.o) (analogReference)
D:\Github\UART-RTOS-Project\ArduinoRTOS_Sketch\ArduinoCore\Debug\libArduinoCore.a(wiring_digital.o)
                              D:\Github\UART-RTOS-Project\ArduinoRTOS_Sketch\ArduinoCore\Debug\libArduinoCore.a(USBCore.o) (pinMode)
D:\Github\UART-RTOS-Project\ArduinoRTOS_Sketch\ArduinoCore\Debug\libArduinoCore.a(wiring_private.o)
                              custom_uart.o (pinPeripheral)
D:\Github\UART-RTOS-Project\ArduinoRTOS_Sketch\ArduinoCore\Debug\libArduinoCore.a(error_hooks.o)
                              Main.o (vNopDelayMS)
D:\Github\UART-RTOS-Project\ArduinoRTOS_Sketch\ArduinoCore\Debug\libArduinoCore.a(variant.o)
                              D:\Github\UART-RTOS-Project\ArduinoRTOS_Sketch\ArduinoCore\Debug\libArduinoCore.a(wiring_analog.o) (g_apTCInstances)
D:\Github\UART-RTOS-Project\ArduinoRTOS_Sketch\ArduinoCore\Debug\libArduinoCore.a(SERCOM.o)
                              D:\Github\UART-RTOS-Project\ArduinoRTOS_Sketch\ArduinoCore\Debug\libArduinoCore.a(variant.o) (SERCOM::SERCOM(Sercom*))
D:\Github\UART-RTOS-Project\ArduinoRTOS_Sketch\ArduinoCore\Debug\libArduinoCore.a(Uart.o)
                              D:\Github\UART-RTOS-Project\ArduinoRTOS_Sketch\ArduinoCore\Debug\libArduinoCore.a(variant.o) (Uart::Uart(SERCOM*, unsigned char, unsigned char, SercomRXPad, SercomUartTXPad))
D:\Github\UART-RTOS-Project\ArduinoRTOS_Sketch\ArduinoCore\Debug\libArduinoCore.a(CDC.o)
                              D:\Github\UART-RTOS-Project\ArduinoRTOS_Sketch\ArduinoCore\Debug\libArduinoCore.a(USBCore.o) (CDC_GetInterface(unsigned char*))
D:\Github\UART-RTOS-Project\ArduinoRTOS_Sketch\ArduinoCore\Debug\libArduinoCore.a(PluggableUSB.o)
                              D:\Github\UART-RTOS-Project\ArduinoRTOS_Sketch\ArduinoCore\Debug\libArduinoCore.a(USBCore.o) (PluggableUSB_::getInterface(unsigned char*))
D:\Github\UART-RTOS-Project\ArduinoRTOS_Sketch\ArduinoCore\Debug\libArduinoCore.a(Print.o)
                              D:\Github\UART-RTOS-Project\ArduinoRTOS_Sketch\ArduinoCore\Debug\libArduinoCore.a(Uart.o) (Print::write(unsigned char const*, unsigned int))
D:\Github\UART-RTOS-Project\ArduinoRTOS_Sketch\ArduinoCore\Debug\libArduinoCore.a(abi.o)
                              D:\Github\UART-RTOS-Project\ArduinoRTOS_Sketch\ArduinoCore\Debug\libArduinoCore.a(Print.o) (__cxa_pure_virtual)
c:/program files (x86)/atmel/studio/7.0/toolchain/arm/arm-gnu-toolchain/bin/../lib/gcc/arm-none-eabi/6.3.1/thumb/v6-m\libgcc.a(_thumb1_case_uqi.o)
                              D:\Github\UART-RTOS-Project\ArduinoRTOS_Sketch\ArduinoCore\Debug\libArduinoCore.a(USBCore.o) (__gnu_thumb1_case_uqi)
[...]
Memory Configuration

Name             Origin             Length             Attributes
FLASH            0x00000000         0x00040000         xr
RAM              0x20000000         0x00008000         xrw
*default*        0x00000000         0xffffffff

Linker script and memory map

LOAD c:/program files (x86)/atmel/studio/7.0/toolchain/arm/arm-gnu-toolchain/bin/../lib/gcc/arm-none-eabi/6.3.1/thumb/v6-m/crti.o
LOAD c:/program files (x86)/atmel/studio/7.0/toolchain/arm/arm-gnu-toolchain/bin/../lib/gcc/arm-none-eabi/6.3.1/thumb/v6-m/crtbegin.o
LOAD c:/program files (x86)/atmel/studio/7.0/toolchain/arm/arm-gnu-toolchain/bin/../lib/gcc/arm-none-eabi/6.3.1/../../../../arm-none-eabi/lib/thumb/v6-m/crt0.o
LOAD custom_uart.o
LOAD Main.o
START GROUP
LOAD D:\Github\UART-RTOS-Project\ArduinoRTOS_Sketch\ArduinoCore\Debug\libArduinoCore.a
END GROUP
LOAD c:/program files (x86)/atmel/studio/7.0/toolchain/arm/arm-gnu-toolchain/bin/../lib/gcc/arm-none-eabi/6.3.1/../../../../arm-none-eabi/lib/thumb/v6-m\libstdc++_nano.a
LOAD c:/program files (x86)/atmel/studio/7.0/toolchain/arm/arm-gnu-toolchain/bin/../lib/gcc/arm-none-eabi/6.3.1/../../../../arm-none-eabi/lib/thumb/v6-m\libm.a
START GROUP
LOAD c:/program files (x86)/atmel/studio/7.0/toolchain/arm/arm-gnu-toolchain/bin/../lib/gcc/arm-none-eabi/6.3.1/thumb/v6-m\libgcc.a
LOAD c:/program files (x86)/atmel/studio/7.0/toolchain/arm/arm-gnu-toolchain/bin/../lib/gcc/arm-none-eabi/6.3.1/../../../../arm-none-eabi/lib/thumb/v6-m\libc_nano.a
END GROUP
START GROUP
LOAD c:/program files (x86)/atmel/studio/7.0/toolchain/arm/arm-gnu-toolchain/bin/../lib/gcc/arm-none-eabi/6.3.1/thumb/v6-m\libgcc.a
LOAD c:/program files (x86)/atmel/studio/7.0/toolchain/arm/arm-gnu-toolchain/bin/../lib/gcc/arm-none-eabi/6.3.1/../../../../arm-none-eabi/lib/thumb/v6-m\libc_nano.a
LOAD c:/program files (x86)/atmel/studio/7.0/toolchain/arm/arm-gnu-toolchain/bin/../lib/gcc/arm-none-eabi/6.3.1/../../../../arm-none-eabi/lib/thumb/v6-m\libnosys.a
END GROUP
START GROUP
LOAD c:/program files (x86)/atmel/studio/7.0/toolchain/arm/arm-gnu-toolchain/bin/../lib/gcc/arm-none-eabi/6.3.1/thumb/v6-m\libgcc.a
LOAD c:/program files (x86)/atmel/studio/7.0/toolchain/arm/arm-gnu-toolchain/bin/../lib/gcc/arm-none-eabi/6.3.1/../../../../arm-none-eabi/lib/thumb/v6-m\libc_nano.a
LOAD c:/program files (x86)/atmel/studio/7.0/toolchain/arm/arm-gnu-toolchain/bin/../lib/gcc/arm-none-eabi/6.3.1/../../../../arm-none-eabi/lib/thumb/v6-m\libnosys.a
END GROUP
LOAD c:/program files (x86)/atmel/studio/7.0/toolchain/arm/arm-gnu-toolchain/bin/../lib/gcc/arm-none-eabi/6.3.1/thumb/v6-m/crtend.o
LOAD c:/program files (x86)/atmel/studio/7.0/toolchain/arm/arm-gnu-toolchain/bin/../lib/gcc/arm-none-eabi/6.3.1/thumb/v6-m/crtn.o

.text           0x00000000     0x2a38
                0x00000000                __text_start__ = .
 *(.isr_vector)
 .isr_vector    0x00000000       0xb4 D:\Github\UART-RTOS-Project\ArduinoRTOS_Sketch\ArduinoCore\Debug\libArduinoCore.a(cortex_handlers.o)
                0x00000000                exception_table
 *(.text*)
 .text          0x000000b4       0x60 c:/program files (x86)/atmel/studio/7.0/toolchain/arm/arm-gnu-toolchain/bin/../lib/gcc/arm-none-eabi/6.3.1/thumb/v6-m/crtbegin.o
 .text._ZN8uartPort5writeEPhm
                0x00000114       0x24 custom_uart.o
                0x00000114                uartPort::write(unsigned char*, unsigned long)
 .text._ZN8uartPort13initClockNVICEv
                0x00000138       0x44 custom_uart.o
                0x00000138                uartPort::initClockNVIC()
 .text._ZN8uartPortC2EP15uartRegisterMap
                0x0000017c      0x100 custom_uart.o
                0x0000017c                uartPort::uartPort(uartRegisterMap*)
                0x0000017c                uartPort::uartPort(uartRegisterMap*)
 .text.setup    0x0000027c       0x2c Main.o
                0x0000027c                setup
 .text.loop     0x000002a8        0x2 Main.o
                0x000002a8                loop
 .text.Dummy_Handler
                0x000002aa        0x4 D:\Github\UART-RTOS-Project\ArduinoRTOS_Sketch\ArduinoCore\Debug\libArduinoCore.a(cortex_handlers.o)
                0x000002aa                DMAC_Handler
                0x000002aa                HardFault_Handler
                0x000002aa                AC_Handler
                0x000002aa                PendSV_Handler
                0x000002aa                NMI_Handler
                0x000002aa                TC7_Handler
                0x000002aa                SERCOM1_Handler
                0x000002aa                ADC_Handler
                0x000002aa                TCC1_Handler
                0x000002aa                SERCOM2_Handler
                0x000002aa                TCC0_Handler
                0x000002aa                RTC_Handler
                0x000002aa                EIC_Handler
                0x000002aa                TC6_Handler
                0x000002aa                WDT_Handler
                0x000002aa                TC4_Handler
                0x000002aa                TC3_Handler
                0x000002aa                Dummy_Handler
                0x000002aa                PM_Handler
                0x000002aa                SVC_Handler
                0x000002aa                TCC2_Handler
                0x000002aa                EVSYS_Handler
                0x000002aa                SERCOM3_Handler
                0x000002aa                SERCOM4_Handler
                0x000002aa                I2S_Handler
                0x000002aa                NVMCTRL_Handler
                0x000002aa                DAC_Handler
                0x000002aa                PTC_Handler
                0x000002aa                SYSCTRL_Handler
 *fill*         0x000002ae        0x2 
 .text.USB_Handler
                0x000002b0       0x14 D:\Github\UART-RTOS-Project\ArduinoRTOS_Sketch\ArduinoCore\Debug\libArduinoCore.a(cortex_handlers.o)
                0x000002b0                USB_Handler
 .text.Reset_Handler
                0x000002c4       0x54 D:\Github\UART-RTOS-Project\ArduinoRTOS_Sketch\ArduinoCore\Debug\libArduinoCore.a(cortex_handlers.o)
                0x000002c4                Reset_Handler
 .text.SysTick_Handler
                0x00000318       0x10 D:\Github\UART-RTOS-Project\ArduinoRTOS_Sketch\ArduinoCore\Debug\libArduinoCore.a(cortex_handlers.o)
                0x00000318                SysTick_Handler
 .text.USB_SetHandler
                0x00000328        0xc D:\Github\UART-RTOS-Project\ArduinoRTOS_Sketch\ArduinoCore\Debug\libArduinoCore.a(cortex_handlers.o)
                0x00000328                USB_SetHandler
 .text.delay    0x00000334       0x1c D:\Github\UART-RTOS-Project\ArduinoRTOS_Sketch\ArduinoCore\Debug\libArduinoCore.a(delay.o)
                0x00000334                delay
 .text.SysTick_DefaultHandler
                0x00000350       0x14 D:\Github\UART-RTOS-Project\ArduinoRTOS_Sketch\ArduinoCore\Debug\libArduinoCore.a(delay.o)
                0x00000350                SysTick_DefaultHandler
 .text.__empty  0x00000364        0x2 D:\Github\UART-RTOS-Project\ArduinoRTOS_Sketch\ArduinoCore\Debug\libArduinoCore.a(hooks.o)
                0x00000364                yield
 .text.__false  0x00000366        0x4 D:\Github\UART-RTOS-Project\ArduinoRTOS_Sketch\ArduinoCore\Debug\libArduinoCore.a(hooks.o)
                0x00000366                sysTickHook
 .text._Z11initVariantv
                0x0000036a        0x2 D:\Github\UART-RTOS-Project\ArduinoRTOS_Sketch\ArduinoCore\Debug\libArduinoCore.a(main.o)
                0x0000036a                initVariant()
 .text.startup.main
                0x0000036c       0x40 D:\Github\UART-RTOS-Project\ArduinoRTOS_Sketch\ArduinoCore\Debug\libArduinoCore.a(main.o)
                0x0000036c                main
 .text._Znwj    0x000003ac        0x8 D:\Github\UART-RTOS-Project\ArduinoRTOS_Sketch\ArduinoCore\Debug\libArduinoCore.a(new.o)
                0x000003ac                operator new(unsigned int)
 .text._ZdlPv   0x000003b4        0x8 D:\Github\UART-RTOS-Project\ArduinoRTOS_Sketch\ArduinoCore\Debug\libArduinoCore.a(new.o)
                0x000003b4                operator delete(void*)
 .text.initiateReset
                0x000003bc        0xc D:\Github\UART-RTOS-Project\ArduinoRTOS_Sketch\ArduinoCore\Debug\libArduinoCore.a(Reset.o)
                0x000003bc                initiateReset
 .text.cancelReset
                0x000003c8       0x10 D:\Github\UART-RTOS-Project\ArduinoRTOS_Sketch\ArduinoCore\Debug\libArduinoCore.a(Reset.o)
                0x000003c8                cancelReset
 .text.tickReset
                0x000003d8       0x78 D:\Github\UART-RTOS-Project\ArduinoRTOS_Sketch\ArduinoCore\Debug\libArduinoCore.a(Reset.o)
                0x000003d8                tickReset
 .text.SystemInit
                0x00000450      0x160 D:\Github\UART-RTOS-Project\ArduinoRTOS_Sketch\ArduinoCore\Debug\libArduinoCore.a(startup.o)
                0x00000450                SystemInit
 .text._ZL5utox8mPc
                0x000005b0       0x24 D:\Github\UART-RTOS-Project\ArduinoRTOS_Sketch\ArduinoCore\Debug\libArduinoCore.a(USBCore.o)
 .text._ZN26DoubleBufferedEPOutHandlerD2Ev
                0x000005d4       0x14 D:\Github\UART-RTOS-Project\ArduinoRTOS_Sketch\ArduinoCore\Debug\libArduinoCore.a(USBCore.o)
                0x000005d4                DoubleBufferedEPOutHandler::~DoubleBufferedEPOutHandler()
                0x000005d4                DoubleBufferedEPOutHandler::~DoubleBufferedEPOutHandler()
 .text._ZN26DoubleBufferedEPOutHandlerD0Ev
                0x000005e8       0x12 D:\Github\UART-RTOS-Project\ArduinoRTOS_Sketch\ArduinoCore\Debug\libArduinoCore.a(USBCore.o)
                0x000005e8                DoubleBufferedEPOutHandler::~DoubleBufferedEPOutHandler()
 *fill*         0x000005fa        0x2 
 .text._ZN14USBDeviceClass6initEPEmm.part.5
                0x000005fc       0xd0 D:\Github\UART-RTOS-Project\ArduinoRTOS_Sketch\ArduinoCore\Debug\libArduinoCore.a(USBCore.o)
 .text._ZN20USBDevice_SAMD21G18x5resetEv
                0x000006cc       0x24 D:\Github\UART-RTOS-Project\ArduinoRTOS_Sketch\ArduinoCore\Debug\libArduinoCore.a(USBCore.o)
                0x000006cc                USBDevice_SAMD21G18x::reset()
 .text._ZN20USBDevice_SAMD21G18x9calibrateEv
                0x000006f0       0x60 D:\Github\UART-RTOS-Project\ArduinoRTOS_Sketch\ArduinoCore\Debug\libArduinoCore.a(USBCore.o)
                0x000006f0                USBDevice_SAMD21G18x::calibrate()
 .text._ZN7__GuardC2Ev
                0x00000750        0xe D:\Github\UART-RTOS-Project\ArduinoRTOS_Sketch\ArduinoCore\Debug\libArduinoCore.a(USBCore.o)
                0x00000750                __Guard::__Guard()
                0x00000750                __Guard::__Guard()
 .text._ZN7__GuardD2Ev
                0x0000075e        0xe D:\Github\UART-RTOS-Project\ArduinoRTOS_Sketch\ArduinoCore\Debug\libArduinoCore.a(USBCore.o)
                0x0000075e                __Guard::~__Guard()
                0x0000075e                __Guard::~__Guard()
 .text._ZNK26DoubleBufferedEPOutHandler9availableEv
                0x0000076c       0x5e D:\Github\UART-RTOS-Project\ArduinoRTOS_Sketch\ArduinoCore\Debug\libArduinoCore.a(USBCore.o)
                0x0000076c                DoubleBufferedEPOutHandler::available() const
 *fill*         0x000007ca        0x2 
 .text._ZN26DoubleBufferedEPOutHandler7releaseEv
                0x000007cc       0x44 D:\Github\UART-RTOS-Project\ArduinoRTOS_Sketch\ArduinoCore\Debug\libArduinoCore.a(USBCore.o)
                0x000007cc                DoubleBufferedEPOutHandler::release()
 .text._ZN26DoubleBufferedEPOutHandler4recvEPvm
                0x00000810      0x11e D:\Github\UART-RTOS-Project\ArduinoRTOS_Sketch\ArduinoCore\Debug\libArduinoCore.a(USBCore.o)
                0x00000810                DoubleBufferedEPOutHandler::recv(void*, unsigned long)
 .text._ZN26DoubleBufferedEPOutHandler14handleEndpointEv
                0x0000092e       0xba D:\Github\UART-RTOS-Project\ArduinoRTOS_Sketch\ArduinoCore\Debug\libArduinoCore.a(USBCore.o)
                0x0000092e                DoubleBufferedEPOutHandler::handleEndpoint()
 .text._ZN14USBDeviceClass14SendInterfacesEPm
                0x000009e8       0x2c D:\Github\UART-RTOS-Project\ArduinoRTOS_Sketch\ArduinoCore\Debug\libArduinoCore.a(USBCore.o)
                0x000009e8                USBDeviceClass::SendInterfaces(unsigned long*)
 .text._ZN14USBDeviceClass14handleEndpointEh
                0x00000a14       0x44 D:\Github\UART-RTOS-Project\ArduinoRTOS_Sketch\ArduinoCore\Debug\libArduinoCore.a(USBCore.o)
                0x00000a14                USBDeviceClass::handleEndpoint(unsigned char)
 .text._ZN14USBDeviceClass4initEv
                0x00000a58       0xf0 D:\Github\UART-RTOS-Project\ArduinoRTOS_Sketch\ArduinoCore\Debug\libArduinoCore.a(USBCore.o)
                0x00000a58                USBDeviceClass::init()
 .text._ZN14USBDeviceClass6attachEv
                0x00000b48       0x34 D:\Github\UART-RTOS-Project\ArduinoRTOS_Sketch\ArduinoCore\Debug\libArduinoCore.a(USBCore.o)
                0x00000b48                USBDeviceClass::attach()
 .text._ZN14USBDeviceClass10setAddressEm
                0x00000b7c       0x48 D:\Github\UART-RTOS-Project\ArduinoRTOS_Sketch\ArduinoCore\Debug\libArduinoCore.a(USBCore.o)
                0x00000b7c                USBDeviceClass::setAddress(unsigned long)
 .text._ZN14USBDeviceClass25handleClassInterfaceSetupER8USBSetup
                0x00000bc4       0x44 D:\Github\UART-RTOS-Project\ArduinoRTOS_Sketch\ArduinoCore\Debug\libArduinoCore.a(USBCore.o)
                0x00000bc4                USBDeviceClass::handleClassInterfaceSetup(USBSetup&)
 .text._ZN14USBDeviceClass6initEPEmm
                0x00000c08       0xec D:\Github\UART-RTOS-Project\ArduinoRTOS_Sketch\ArduinoCore\Debug\libArduinoCore.a(USBCore.o)
                0x00000c08                USBDeviceClass::initEP(unsigned long, unsigned long)
 .text._ZN14USBDeviceClass13initEndpointsEv
                0x00000cf4       0x24 D:\Github\UART-RTOS-Project\ArduinoRTOS_Sketch\ArduinoCore\Debug\libArduinoCore.a(USBCore.o)
                0x00000cf4                USBDeviceClass::initEndpoints()
 .text._ZN14USBDeviceClass9availableEm
                0x00000d18       0x2c D:\Github\UART-RTOS-Project\ArduinoRTOS_Sketch\ArduinoCore\Debug\libArduinoCore.a(USBCore.o)
                0x00000d18                USBDeviceClass::available(unsigned long)
 .text._ZN14USBDeviceClass5flushEm
                0x00000d44       0x2c D:\Github\UART-RTOS-Project\ArduinoRTOS_Sketch\ArduinoCore\Debug\libArduinoCore.a(USBCore.o)
                0x00000d44                USBDeviceClass::flush(unsigned long)
 .text._ZN14USBDeviceClass14armRecvCtrlOUTEm
                0x00000d70       0x5c D:\Github\UART-RTOS-Project\ArduinoRTOS_Sketch\ArduinoCore\Debug\libArduinoCore.a(USBCore.o)
                0x00000d70                USBDeviceClass::armRecvCtrlOUT(unsigned long)
 .text._ZN14USBDeviceClass11recvControlEPvm
                0x00000dcc       0x3c D:\Github\UART-RTOS-Project\ArduinoRTOS_Sketch\ArduinoCore\Debug\libArduinoCore.a(USBCore.o)
                0x00000dcc                USBDeviceClass::recvControl(void*, unsigned long)
 .text._ZN14USBDeviceClass7armRecvEm
                0x00000e08       0x38 D:\Github\UART-RTOS-Project\ArduinoRTOS_Sketch\ArduinoCore\Debug\libArduinoCore.a(USBCore.o)
                0x00000e08                USBDeviceClass::armRecv(unsigned long)
 .text._ZN14USBDeviceClass4recvEmPvm
                0x00000e40       0xdc D:\Github\UART-RTOS-Project\ArduinoRTOS_Sketch\ArduinoCore\Debug\libArduinoCore.a(USBCore.o)
                0x00000e40                USBDeviceClass::recv(unsigned long, void*, unsigned long)
 .text._ZN14USBDeviceClass4recvEm
                0x00000f1c       0x1c D:\Github\UART-RTOS-Project\ArduinoRTOS_Sketch\ArduinoCore\Debug\libArduinoCore.a(USBCore.o)
                0x00000f1c                USBDeviceClass::recv(unsigned long)
 .text._ZN14USBDeviceClass4sendEmPKvm
                0x00000f38      0x110 D:\Github\UART-RTOS-Project\ArduinoRTOS_Sketch\ArduinoCore\Debug\libArduinoCore.a(USBCore.o)
                0x00000f38                USBDeviceClass::send(unsigned long, void const*, unsigned long)
 .text._ZN14USBDeviceClass7armSendEmPKvm
                0x00001048       0x48 D:\Github\UART-RTOS-Project\ArduinoRTOS_Sketch\ArduinoCore\Debug\libArduinoCore.a(USBCore.o)
                0x00001048                USBDeviceClass::armSend(unsigned long, void const*, unsigned long)
 .text._ZN14USBDeviceClass11sendControlEPKvm
                0x00001090       0x54 D:\Github\UART-RTOS-Project\ArduinoRTOS_Sketch\ArduinoCore\Debug\libArduinoCore.a(USBCore.o)
                0x00001090                USBDeviceClass::sendControl(void const*, unsigned long)
 .text._ZN14USBDeviceClass20sendStringDescriptorEPKhh
                0x000010e4       0x64 D:\Github\UART-RTOS-Project\ArduinoRTOS_Sketch\ArduinoCore\Debug\libArduinoCore.a(USBCore.o)
                0x000010e4                USBDeviceClass::sendStringDescriptor(unsigned char const*, unsigned char)
 .text._ZN14USBDeviceClass17sendConfigurationEm
                0x00001148       0x94 D:\Github\UART-RTOS-Project\ArduinoRTOS_Sketch\ArduinoCore\Debug\libArduinoCore.a(USBCore.o)
                0x00001148                USBDeviceClass::sendConfiguration(unsigned long)
 .text._ZN14USBDeviceClass14sendDescriptorER8USBSetup
                0x000011dc       0xe4 D:\Github\UART-RTOS-Project\ArduinoRTOS_Sketch\ArduinoCore\Debug\libArduinoCore.a(USBCore.o)
                0x000011dc                USBDeviceClass::sendDescriptor(USBSetup&)
 .text._ZN14USBDeviceClass19handleStandardSetupER8USBSetup
                0x000012c0      0x108 D:\Github\UART-RTOS-Project\ArduinoRTOS_Sketch\ArduinoCore\Debug\libArduinoCore.a(USBCore.o)
                0x000012c0                USBDeviceClass::handleStandardSetup(USBSetup&)
 .text._ZN14USBDeviceClass10ISRHandlerEv
                0x000013c8      0x154 D:\Github\UART-RTOS-Project\ArduinoRTOS_Sketch\ArduinoCore\Debug\libArduinoCore.a(USBCore.o)
                0x000013c8                USBDeviceClass::ISRHandler()
 .text.UDD_Handler
                0x0000151c       0x10 D:\Github\UART-RTOS-Project\ArduinoRTOS_Sketch\ArduinoCore\Debug\libArduinoCore.a(USBCore.o)
                0x0000151c                UDD_Handler
 .text.startup._GLOBAL__sub_I__ZN20USBDevice_SAMD21G18x5resetEv
                0x0000152c       0x10 D:\Github\UART-RTOS-Project\ArduinoRTOS_Sketch\ArduinoCore\Debug\libArduinoCore.a(USBCore.o)
 .text.init     0x0000153c       0xf0 D:\Github\UART-RTOS-Project\ArduinoRTOS_Sketch\ArduinoCore\Debug\libArduinoCore.a(wiring.o)
                0x0000153c                init
 .text.analogReference
                0x0000162c       0x64 D:\Github\UART-RTOS-Project\ArduinoRTOS_Sketch\ArduinoCore\Debug\libArduinoCore.a(wiring_analog.o)
                0x0000162c                analogReference
 .text.pinMode  0x00001690       0x98 D:\Github\UART-RTOS-Project\ArduinoRTOS_Sketch\ArduinoCore\Debug\libArduinoCore.a(wiring_digital.o)
                0x00001690                pinMode
 .text.digitalWrite
                0x00001728       0x58 D:\Github\UART-RTOS-Project\ArduinoRTOS_Sketch\ArduinoCore\Debug\libArduinoCore.a(wiring_digital.o)
                0x00001728                digitalWrite
 .text.pinPeripheral
                0x00001780       0xbc D:\Github\UART-RTOS-Project\ArduinoRTOS_Sketch\ArduinoCore\Debug\libArduinoCore.a(wiring_private.o)
                0x00001780                pinPeripheral
 .text.vNopDelayMS
                0x0000183c       0x14 D:\Github\UART-RTOS-Project\ArduinoRTOS_Sketch\ArduinoCore\Debug\libArduinoCore.a(error_hooks.o)
                0x0000183c                vNopDelayMS
 .text.SERCOM0_Handler
                0x00001850       0x10 D:\Github\UART-RTOS-Project\ArduinoRTOS_Sketch\ArduinoCore\Debug\libArduinoCore.a(variant.o)
                0x00001850                SERCOM0_Handler
 .text.SERCOM5_Handler
                0x00001860       0x10 D:\Github\UART-RTOS-Project\ArduinoRTOS_Sketch\ArduinoCore\Debug\libArduinoCore.a(variant.o)
                0x00001860                SERCOM5_Handler
 .text.startup._GLOBAL__sub_I_g_APinDescription
                0x00001870       0x94 D:\Github\UART-RTOS-Project\ArduinoRTOS_Sketch\ArduinoCore\Debug\libArduinoCore.a(variant.o)
 .text._ZN6SERCOMC2EP6Sercom
                0x00001904        0x4 D:\Github\UART-RTOS-Project\ArduinoRTOS_Sketch\ArduinoCore\Debug\libArduinoCore.a(SERCOM.o)
                0x00001904                SERCOM::SERCOM(Sercom*)
                0x00001904                SERCOM::SERCOM(Sercom*)
 .text._ZN6SERCOM9initFrameE18SercomUartCharSize15SercomDataOrder16SercomParityMode19SercomNumberStopBit
                0x00001908       0x34 D:\Github\UART-RTOS-Project\ArduinoRTOS_Sketch\ArduinoCore\Debug\libArduinoCore.a(SERCOM.o)
                0x00001908                SERCOM::initFrame(SercomUartCharSize, SercomDataOrder, SercomParityMode, SercomNumberStopBit)
 .text._ZN6SERCOM8initPadsE15SercomUartTXPad11SercomRXPad
                0x0000193c       0x24 D:\Github\UART-RTOS-Project\ArduinoRTOS_Sketch\ArduinoCore\Debug\libArduinoCore.a(SERCOM.o)
                0x0000193c                SERCOM::initPads(SercomUartTXPad, SercomRXPad)
 .text._ZN6SERCOM9resetUARTEv
                0x00001960       0x18 D:\Github\UART-RTOS-Project\ArduinoRTOS_Sketch\ArduinoCore\Debug\libArduinoCore.a(SERCOM.o)
                0x00001960                SERCOM::resetUART()
 .text._ZN6SERCOM10enableUARTEv
                0x00001978       0x12 D:\Github\UART-RTOS-Project\ArduinoRTOS_Sketch\ArduinoCore\Debug\libArduinoCore.a(SERCOM.o)
                0x00001978                SERCOM::enableUART()
 .text._ZN6SERCOM9flushUARTEv
                0x0000198a       0x10 D:\Github\UART-RTOS-Project\ArduinoRTOS_Sketch\ArduinoCore\Debug\libArduinoCore.a(SERCOM.o)
                0x0000198a                SERCOM::flushUART()
 .text._ZN6SERCOM15clearStatusUARTEv
                0x0000199a        0x8 D:\Github\UART-RTOS-Project\ArduinoRTOS_Sketch\ArduinoCore\Debug\libArduinoCore.a(SERCOM.o)
                0x0000199a                SERCOM::clearStatusUART()
 .text._ZN6SERCOM17availableDataUARTEv
                0x000019a2        0xa D:\Github\UART-RTOS-Project\ArduinoRTOS_Sketch\ArduinoCore\Debug\libArduinoCore.a(SERCOM.o)
                0x000019a2                SERCOM::availableDataUART()
 .text._ZN6SERCOM11isUARTErrorEv
                0x000019ac        0x8 D:\Github\UART-RTOS-Project\ArduinoRTOS_Sketch\ArduinoCore\Debug\libArduinoCore.a(SERCOM.o)
                0x000019ac                SERCOM::isUARTError()
 .text._ZN6SERCOM20acknowledgeUARTErrorEv
                0x000019b4        0xe D:\Github\UART-RTOS-Project\ArduinoRTOS_Sketch\ArduinoCore\Debug\libArduinoCore.a(SERCOM.o)
                0x000019b4                SERCOM::acknowledgeUARTError()
 .text._ZN6SERCOM16isFrameErrorUARTEv
                0x000019c2        0xa D:\Github\UART-RTOS-Project\ArduinoRTOS_Sketch\ArduinoCore\Debug\libArduinoCore.a(SERCOM.o)
                0x000019c2                SERCOM::isFrameErrorUART()
 .text._ZN6SERCOM19clearFrameErrorUARTEv
                0x000019cc        0xc D:\Github\UART-RTOS-Project\ArduinoRTOS_Sketch\ArduinoCore\Debug\libArduinoCore.a(SERCOM.o)
                0x000019cc                SERCOM::clearFrameErrorUART()
 .text._ZN6SERCOM23isDataRegisterEmptyUARTEv
                0x000019d8        0xa D:\Github\UART-RTOS-Project\ArduinoRTOS_Sketch\ArduinoCore\Debug\libArduinoCore.a(SERCOM.o)
                0x000019d8                SERCOM::isDataRegisterEmptyUART()
 .text._ZN6SERCOM12readDataUARTEv
                0x000019e2        0x8 D:\Github\UART-RTOS-Project\ArduinoRTOS_Sketch\ArduinoCore\Debug\libArduinoCore.a(SERCOM.o)
                0x000019e2                SERCOM::readDataUART()
 .text._ZN6SERCOM13writeDataUARTEh
                0x000019ea       0x10 D:\Github\UART-RTOS-Project\ArduinoRTOS_Sketch\ArduinoCore\Debug\libArduinoCore.a(SERCOM.o)
                0x000019ea                SERCOM::writeDataUART(unsigned char)
 .text._ZN6SERCOM36enableDataRegisterEmptyInterruptUARTEv
                0x000019fa        0x8 D:\Github\UART-RTOS-Project\ArduinoRTOS_Sketch\ArduinoCore\Debug\libArduinoCore.a(SERCOM.o)
                0x000019fa                SERCOM::enableDataRegisterEmptyInterruptUART()
 .text._ZN6SERCOM37disableDataRegisterEmptyInterruptUARTEv
                0x00001a02        0x8 D:\Github\UART-RTOS-Project\ArduinoRTOS_Sketch\ArduinoCore\Debug\libArduinoCore.a(SERCOM.o)
                0x00001a02                SERCOM::disableDataRegisterEmptyInterruptUART()
 *fill*         0x00001a0a        0x2 
 .text._ZN6SERCOM13initClockNVICEv
                0x00001a0c       0xa8 D:\Github\UART-RTOS-Project\ArduinoRTOS_Sketch\ArduinoCore\Debug\libArduinoCore.a(SERCOM.o)
                0x00001a0c                SERCOM::initClockNVIC()
 .text._ZN6SERCOM8initUARTE14SercomUartMode20SercomUartSampleRatem
                0x00001ab4       0x64 D:\Github\UART-RTOS-Project\ArduinoRTOS_Sketch\ArduinoCore\Debug\libArduinoCore.a(SERCOM.o)
                0x00001ab4                SERCOM::initUART(SercomUartMode, SercomUartSampleRate, unsigned long)
 .text._ZN4UartcvbEv
                0x00001b18        0x4 D:\Github\UART-RTOS-Project\ArduinoRTOS_Sketch\ArduinoCore\Debug\libArduinoCore.a(Uart.o)
                0x00001b18                Uart::operator bool()
 .text._ZN4Uart5beginEm
                0x00001b1c       0x10 D:\Github\UART-RTOS-Project\ArduinoRTOS_Sketch\ArduinoCore\Debug\libArduinoCore.a(Uart.o)
                0x00001b1c                Uart::begin(unsigned long)
 .text._ZN4Uart4peekEv
                0x00001b2c       0x1a D:\Github\UART-RTOS-Project\ArduinoRTOS_Sketch\ArduinoCore\Debug\libArduinoCore.a(Uart.o)
                0x00001b2c                Uart::peek()
 .text._ZN4Uart3endEv
                0x00001b46       0x20 D:\Github\UART-RTOS-Project\ArduinoRTOS_Sketch\ArduinoCore\Debug\libArduinoCore.a(Uart.o)
                0x00001b46                Uart::end()
 .text._ZN4Uart16extractNbStopBitEt
                0x00001b66        0xc D:\Github\UART-RTOS-Project\ArduinoRTOS_Sketch\ArduinoCore\Debug\libArduinoCore.a(Uart.o)
                0x00001b66                Uart::extractNbStopBit(unsigned short)
 .text._ZN4Uart15extractCharSizeEt
                0x00001b72       0x28 D:\Github\UART-RTOS-Project\ArduinoRTOS_Sketch\ArduinoCore\Debug\libArduinoCore.a(Uart.o)
                0x00001b72                Uart::extractCharSize(unsigned short)
 .text._ZN4Uart13extractParityEt
                0x00001b9a       0x14 D:\Github\UART-RTOS-Project\ArduinoRTOS_Sketch\ArduinoCore\Debug\libArduinoCore.a(Uart.o)
                0x00001b9a                Uart::extractParity(unsigned short)
 *fill*         0x00001bae        0x2 
 .text._ZN4Uart5beginEmt
                0x00001bb0       0xf8 D:\Github\UART-RTOS-Project\ArduinoRTOS_Sketch\ArduinoCore\Debug\libArduinoCore.a(Uart.o)
                0x00001bb0                Uart::begin(unsigned long, unsigned short)
 .text._ZN11RingBufferNILi256EEC2Ev
                0x00001ca8       0x1c D:\Github\UART-RTOS-Project\ArduinoRTOS_Sketch\ArduinoCore\Debug\libArduinoCore.a(Uart.o)
                0x00001ca8                RingBufferN<256>::RingBufferN()
                0x00001ca8                RingBufferN<256>::RingBufferN()
 .text._ZN4UartC2EP6SERCOMhh11SercomRXPad15SercomUartTXPad
                0x00001cc4       0x74 D:\Github\UART-RTOS-Project\ArduinoRTOS_Sketch\ArduinoCore\Debug\libArduinoCore.a(Uart.o)
                0x00001cc4                Uart::Uart(SERCOM*, unsigned char, unsigned char, SercomRXPad, SercomUartTXPad)
                0x00001cc4                Uart::Uart(SERCOM*, unsigned char, unsigned char, SercomRXPad, SercomUartTXPad)
 .text._ZN11RingBufferNILi256EE9availableEv
                0x00001d38       0x12 D:\Github\UART-RTOS-Project\ArduinoRTOS_Sketch\ArduinoCore\Debug\libArduinoCore.a(Uart.o)
                0x00001d38                RingBufferN<256>::available()
 .text._ZN4Uart5flushEv
                0x00001d4a       0x1a D:\Github\UART-RTOS-Project\ArduinoRTOS_Sketch\ArduinoCore\Debug\libArduinoCore.a(Uart.o)
                0x00001d4a                Uart::flush()
 .text._ZN4Uart9availableEv
                0x00001d64        0xa D:\Github\UART-RTOS-Project\ArduinoRTOS_Sketch\ArduinoCore\Debug\libArduinoCore.a(Uart.o)
                0x00001d64                Uart::available()
 .text._ZN11RingBufferNILi256EE17availableForStoreEv
                0x00001d6e       0x20 D:\Github\UART-RTOS-Project\ArduinoRTOS_Sketch\ArduinoCore\Debug\libArduinoCore.a(Uart.o)
                0x00001d6e                RingBufferN<256>::availableForStore()
 .text._ZN4Uart17availableForWriteEv
                0x00001d8e        0xc D:\Github\UART-RTOS-Project\ArduinoRTOS_Sketch\ArduinoCore\Debug\libArduinoCore.a(Uart.o)
                0x00001d8e                Uart::availableForWrite()
 .text._ZN4Uart10IrqHandlerEv
                0x00001d9a       0xcc D:\Github\UART-RTOS-Project\ArduinoRTOS_Sketch\ArduinoCore\Debug\libArduinoCore.a(Uart.o)
                0x00001d9a                Uart::IrqHandler()
 *fill*         0x00001e66        0x2 
 .text._ZN4Uart5writeEh
                0x00001e68       0xb4 D:\Github\UART-RTOS-Project\ArduinoRTOS_Sketch\ArduinoCore\Debug\libArduinoCore.a(Uart.o)
                0x00001e68                Uart::write(unsigned char)
 .text._ZN4Uart4readEv
                0x00001f1c       0x4c D:\Github\UART-RTOS-Project\ArduinoRTOS_Sketch\ArduinoCore\Debug\libArduinoCore.a(Uart.o)
                0x00001f1c                Uart::read()
 .text._ZN7Serial_17availableForWriteEv
                0x00001f68        0x4 D:\Github\UART-RTOS-Project\ArduinoRTOS_Sketch\ArduinoCore\Debug\libArduinoCore.a(CDC.o)
                0x00001f68                Serial_::availableForWrite()
 .text._ZN7Serial_5writeEh
                0x00001f6c       0x14 D:\Github\UART-RTOS-Project\ArduinoRTOS_Sketch\ArduinoCore\Debug\libArduinoCore.a(CDC.o)
                0x00001f6c                Serial_::write(unsigned char)
 .text._ZN7Serial_9availableEv
                0x00001f80        0xc D:\Github\UART-RTOS-Project\ArduinoRTOS_Sketch\ArduinoCore\Debug\libArduinoCore.a(CDC.o)
                0x00001f80                Serial_::available()
 .text._ZN7Serial_5flushEv
                0x00001f8c        0xc D:\Github\UART-RTOS-Project\ArduinoRTOS_Sketch\ArduinoCore\Debug\libArduinoCore.a(CDC.o)
                0x00001f8c                Serial_::flush()
 .text._ZN7Serial_5writeEPKhj
                0x00001f98       0x1a D:\Github\UART-RTOS-Project\ArduinoRTOS_Sketch\ArduinoCore\Debug\libArduinoCore.a(CDC.o)
                0x00001f98                Serial_::write(unsigned char const*, unsigned int)
 *fill*         0x00001fb2        0x2 
 .text._ZN7Serial_4peekEv
                0x00001fb4       0x1c D:\Github\UART-RTOS-Project\ArduinoRTOS_Sketch\ArduinoCore\Debug\libArduinoCore.a(CDC.o)
                0x00001fb4                Serial_::peek()
 .text._ZN7Serial_4readEv
                0x00001fd0       0x24 D:\Github\UART-RTOS-Project\ArduinoRTOS_Sketch\ArduinoCore\Debug\libArduinoCore.a(CDC.o)
                0x00001fd0                Serial_::read()
 .text._Z16CDC_GetInterfacePh
                0x00001ff4       0x1c D:\Github\UART-RTOS-Project\ArduinoRTOS_Sketch\ArduinoCore\Debug\libArduinoCore.a(CDC.o)
                0x00001ff4                CDC_GetInterface(unsigned char*)
 .text._Z9CDC_SetupR8USBSetup
                0x00002010       0x7c D:\Github\UART-RTOS-Project\ArduinoRTOS_Sketch\ArduinoCore\Debug\libArduinoCore.a(CDC.o)
                0x00002010                CDC_Setup(USBSetup&)
 .text.startup._GLOBAL__sub_I__Z17_CDC_GetInterfacev
                0x0000208c       0x28 D:\Github\UART-RTOS-Project\ArduinoRTOS_Sketch\ArduinoCore\Debug\libArduinoCore.a(CDC.o)
 .text._ZN13PluggableUSB_12getInterfaceEPh
                0x000020b4       0x28 D:\Github\UART-RTOS-Project\ArduinoRTOS_Sketch\ArduinoCore\Debug\libArduinoCore.a(PluggableUSB.o)
                0x000020b4                PluggableUSB_::getInterface(unsigned char*)
 .text._ZN13PluggableUSB_13getDescriptorER8USBSetup
                0x000020dc       0x20 D:\Github\UART-RTOS-Project\ArduinoRTOS_Sketch\ArduinoCore\Debug\libArduinoCore.a(PluggableUSB.o)
                0x000020dc                PluggableUSB_::getDescriptor(USBSetup&)
 .text._ZN13PluggableUSB_12getShortNameEPc
                0x000020fc       0x1e D:\Github\UART-RTOS-Project\ArduinoRTOS_Sketch\ArduinoCore\Debug\libArduinoCore.a(PluggableUSB.o)
                0x000020fc                PluggableUSB_::getShortName(char*)
 .text._ZN13PluggableUSB_5setupER8USBSetup
                0x0000211a       0x20 D:\Github\UART-RTOS-Project\ArduinoRTOS_Sketch\ArduinoCore\Debug\libArduinoCore.a(PluggableUSB.o)
                0x0000211a                PluggableUSB_::setup(USBSetup&)
 *fill*         0x0000213a        0x2 
 .text._Z12PluggableUSBv
                0x0000213c       0x24 D:\Github\UART-RTOS-Project\ArduinoRTOS_Sketch\ArduinoCore\Debug\libArduinoCore.a(PluggableUSB.o)
                0x0000213c                PluggableUSB()
 .text._ZN5Print5writeEPKhj
                0x00002160       0x28 D:\Github\UART-RTOS-Project\ArduinoRTOS_Sketch\ArduinoCore\Debug\libArduinoCore.a(Print.o)
                0x00002160                Print::write(unsigned char const*, unsigned int)
 .text          0x00002188       0x14 c:/program files (x86)/atmel/studio/7.0/toolchain/arm/arm-gnu-toolchain/bin/../lib/gcc/arm-none-eabi/6.3.1/thumb/v6-m\libgcc.a(_thumb1_case_uqi.o)
                0x00002188                __gnu_thumb1_case_uqi
 .text          0x0000219c      0x114 c:/program files (x86)/atmel/studio/7.0/toolchain/arm/arm-gnu-toolchain/bin/../lib/gcc/arm-none-eabi/6.3.1/thumb/v6-m\libgcc.a(_udivsi3.o)
                0x0000219c                __aeabi_uidiv
                0x0000219c                __udivsi3
                0x000022a8                __aeabi_uidivmod
 .text          0x000022b0        0x4 c:/program files (x86)/atmel/studio/7.0/toolchain/arm/arm-gnu-toolchain/bin/../lib/gcc/arm-none-eabi/6.3.1/thumb/v6-m\libgcc.a(_dvmd_tls.o)
                0x000022b0                __aeabi_idiv0
                0x000022b0                __aeabi_ldiv0
 .text.__libc_init_array
                0x000022b4       0x48 c:/program files (x86)/atmel/studio/7.0/toolchain/arm/arm-gnu-toolchain/bin/../lib/gcc/arm-none-eabi/6.3.1/../../../../arm-none-eabi/lib/thumb/v6-m\libc_nano.a(lib_a-init.o)
                0x000022b4                __libc_init_array
 .text.malloc   0x000022fc       0x14 c:/program files (x86)/atmel/studio/7.0/toolchain/arm/arm-gnu-toolchain/bin/../lib/gcc/arm-none-eabi/6.3.1/../../../../arm-none-eabi/lib/thumb/v6-m\libc_nano.a(lib_a-malloc.o)
                0x000022fc                malloc
 .text.free     0x00002310       0x14 c:/program files (x86)/atmel/studio/7.0/toolchain/arm/arm-gnu-toolchain/bin/../lib/gcc/arm-none-eabi/6.3.1/../../../../arm-none-eabi/lib/thumb/v6-m\libc_nano.a(lib_a-malloc.o)
                0x00002310                free
 .text.memcpy   0x00002324       0x12 c:/program files (x86)/atmel/studio/7.0/toolchain/arm/arm-gnu-toolchain/bin/../lib/gcc/arm-none-eabi/6.3.1/../../../../arm-none-eabi/lib/thumb/v6-m\libc_nano.a(lib_a-memcpy-stub.o)
                0x00002324                memcpy
 .text.memset   0x00002336       0x10 c:/program files (x86)/atmel/studio/7.0/toolchain/arm/arm-gnu-toolchain/bin/../lib/gcc/arm-none-eabi/6.3.1/../../../../arm-none-eabi/lib/thumb/v6-m\libc_nano.a(lib_a-memset.o)
                0x00002336                memset
 *fill*         0x00002346        0x2 
 .text._free_r  0x00002348       0x94 c:/program files (x86)/atmel/studio/7.0/toolchain/arm/arm-gnu-toolchain/bin/../lib/gcc/arm-none-eabi/6.3.1/../../../../arm-none-eabi/lib/thumb/v6-m\libc_nano.a(lib_a-nano-freer.o)
                0x00002348                _free_r
 .text._malloc_r
                0x000023dc       0xbc c:/program files (x86)/atmel/studio/7.0/toolchain/arm/arm-gnu-toolchain/bin/../lib/gcc/arm-none-eabi/6.3.1/../../../../arm-none-eabi/lib/thumb/v6-m\libc_nano.a(lib_a-nano-mallocr.o)
                0x000023dc                _malloc_r
 .text._sbrk_r  0x00002498       0x24 c:/program files (x86)/atmel/studio/7.0/toolchain/arm/arm-gnu-toolchain/bin/../lib/gcc/arm-none-eabi/6.3.1/../../../../arm-none-eabi/lib/thumb/v6-m\libc_nano.a(lib_a-sbrkr.o)
                0x00002498                _sbrk_r
 .text          0x000024bc        0xe c:/program files (x86)/atmel/studio/7.0/toolchain/arm/arm-gnu-toolchain/bin/../lib/gcc/arm-none-eabi/6.3.1/../../../../arm-none-eabi/lib/thumb/v6-m\libc_nano.a(lib_a-strlen.o)
                0x000024bc                strlen
 .text.__malloc_lock
                0x000024ca        0x2 c:/program files (x86)/atmel/studio/7.0/toolchain/arm/arm-gnu-toolchain/bin/../lib/gcc/arm-none-eabi/6.3.1/../../../../arm-none-eabi/lib/thumb/v6-m\libc_nano.a(lib_a-mlock.o)
                0x000024ca                __malloc_lock
 .text.__malloc_unlock
                0x000024cc        0x2 c:/program files (x86)/atmel/studio/7.0/toolchain/arm/arm-gnu-toolchain/bin/../lib/gcc/arm-none-eabi/6.3.1/../../../../arm-none-eabi/lib/thumb/v6-m\libc_nano.a(lib_a-mlock.o)
                0x000024cc                __malloc_unlock
 *fill*         0x000024ce        0x2 
 .text._sbrk    0x000024d0       0x1c c:/program files (x86)/atmel/studio/7.0/toolchain/arm/arm-gnu-toolchain/bin/../lib/gcc/arm-none-eabi/6.3.1/../../../../arm-none-eabi/lib/thumb/v6-m\libnosys.a(sbrk.o)
                0x000024d0                _sbrk
 *(.init)
 .init          0x000024ec        0x4 c:/program files (x86)/atmel/studio/7.0/toolchain/arm/arm-gnu-toolchain/bin/../lib/gcc/arm-none-eabi/6.3.1/thumb/v6-m/crti.o
                0x000024ec                _init
 .init          0x000024f0        0x8 c:/program files (x86)/atmel/studio/7.0/toolchain/arm/arm-gnu-toolchain/bin/../lib/gcc/arm-none-eabi/6.3.1/thumb/v6-m/crtn.o
 *(.fini)
 .fini          0x000024f8        0x4 c:/program files (x86)/atmel/studio/7.0/toolchain/arm/arm-gnu-toolchain/bin/../lib/gcc/arm-none-eabi/6.3.1/thumb/v6-m/crti.o
                0x000024f8                _fini
 .fini          0x000024fc        0x8 c:/program files (x86)/atmel/studio/7.0/toolchain/arm/arm-gnu-toolchain/bin/../lib/gcc/arm-none-eabi/6.3.1/thumb/v6-m/crtn.o
 *crtbegin.o(.ctors)
 *crtbegin?.o(.ctors)
 *(EXCLUDE_FILE(*crtend.o *crtend?.o) .ctors)
 *(SORT(.ctors.*))
 *(.ctors)
 *crtbegin.o(.dtors)
 *crtbegin?.o(.dtors)
 *(EXCLUDE_FILE(*crtend.o *crtend?.o) .dtors)
 *(SORT(.dtors.*))
 *(.dtors)
 *(.rodata*)
 .rodata.setup.str1.1
                0x00002504        0x6 Main.o
 *fill*         0x0000250a        0x2 
 .rodata._ZTV26DoubleBufferedEPOutHandler
                0x0000250c       0x1c D:\Github\UART-RTOS-Project\ArduinoRTOS_Sketch\ArduinoCore\Debug\libArduinoCore.a(USBCore.o)
                0x0000250c                vtable for DoubleBufferedEPOutHandler
 .rodata._ZL14STRING_PRODUCT
                0x00002528        0xf D:\Github\UART-RTOS-Project\ArduinoRTOS_Sketch\ArduinoCore\Debug\libArduinoCore.a(USBCore.o)
 *fill*         0x00002537        0x1 
 .rodata._ZL15STRING_LANGUAGE
                0x00002538        0x4 D:\Github\UART-RTOS-Project\ArduinoRTOS_Sketch\ArduinoCore\Debug\libArduinoCore.a(USBCore.o)
 .rodata._ZL19STRING_MANUFACTURER
                0x0000253c        0xc D:\Github\UART-RTOS-Project\ArduinoRTOS_Sketch\ArduinoCore\Debug\libArduinoCore.a(USBCore.o)
 .rodata._ZL21USB_DeviceDescriptorB
                0x00002548       0x12 D:\Github\UART-RTOS-Project\ArduinoRTOS_Sketch\ArduinoCore\Debug\libArduinoCore.a(USBCore.o)
 *fill*         0x0000255a        0x2 
 .rodata.g_APinDescription
                0x0000255c      0x480 D:\Github\UART-RTOS-Project\ArduinoRTOS_Sketch\ArduinoCore\Debug\libArduinoCore.a(variant.o)
                0x0000255c                g_APinDescription
 .rodata._ZTV4Uart
                0x000029dc       0x34 D:\Github\UART-RTOS-Project\ArduinoRTOS_Sketch\ArduinoCore\Debug\libArduinoCore.a(Uart.o)
                0x000029dc                vtable for Uart
 .rodata._ZTV7Serial_
                0x00002a10       0x24 D:\Github\UART-RTOS-Project\ArduinoRTOS_Sketch\ArduinoCore\Debug\libArduinoCore.a(CDC.o)
                0x00002a10                vtable for Serial_
 *(.eh_frame*)
 .eh_frame      0x00002a34        0x0 c:/program files (x86)/atmel/studio/7.0/toolchain/arm/arm-gnu-toolchain/bin/../lib/gcc/arm-none-eabi/6.3.1/thumb/v6-m/crtbegin.o
 .eh_frame      0x00002a34        0x4 c:/program files (x86)/atmel/studio/7.0/toolchain/arm/arm-gnu-toolchain/bin/../lib/gcc/arm-none-eabi/6.3.1/thumb/v6-m/crtend.o

.glue_7         0x00002a38        0x0
 .glue_7        0x00002a38        0x0 linker stubs

.glue_7t        0x00002a38        0x0
 .glue_7t       0x00002a38        0x0 linker stubs

.vfp11_veneer   0x00002a38        0x0
 .vfp11_veneer  0x00002a38        0x0 linker stubs

.v4_bx          0x00002a38        0x0
 .v4_bx         0x00002a38        0x0 linker stubs

.iplt           0x00002a38        0x0
 .iplt          0x00002a38        0x0 c:/program files (x86)/atmel/studio/7.0/toolchain/arm/arm-gnu-toolchain/bin/../lib/gcc/arm-none-eabi/6.3.1/thumb/v6-m/crtbegin.o

.rel.dyn        0x00002a38        0x0
 .rel.iplt      0x00002a38        0x0 c:/program files (x86)/atmel/studio/7.0/toolchain/arm/arm-gnu-toolchain/bin/../lib/gcc/arm-none-eabi/6.3.1/thumb/v6-m/crtbegin.o

.ARM.extab
 *(.ARM.extab* .gnu.linkonce.armextab.*)
                0x00002a38                __exidx_start = .

.ARM.exidx
 *(.ARM.exidx* .gnu.linkonce.armexidx.*)
                0x00002a38                __exidx_end = .
                0x00002a38                __etext = .

.data           0x20000000      0x100 load address 0x00002a38
                0x20000000                __data_start__ = .
 *(vtable)
 *(.data*)
 .data._ZL5ticks
                0x20000000        0x4 D:\Github\UART-RTOS-Project\ArduinoRTOS_Sketch\ArduinoCore\Debug\libArduinoCore.a(Reset.o)
 .data.EndPoints
                0x20000004       0x28 D:\Github\UART-RTOS-Project\ArduinoRTOS_Sketch\ArduinoCore\Debug\libArduinoCore.a(USBCore.o)
                0x20000004                EndPoints
 .data.SystemCoreClock
                0x2000002c        0x4 D:\Github\UART-RTOS-Project\ArduinoRTOS_Sketch\ArduinoCore\Debug\libArduinoCore.a(wiring.o)
                0x2000002c                SystemCoreClock
 .data._ZL10breakValue
                0x20000030        0x4 D:\Github\UART-RTOS-Project\ArduinoRTOS_Sketch\ArduinoCore\Debug\libArduinoCore.a(CDC.o)
 .data._ZL12_usbLineInfo
                0x20000034        0x8 D:\Github\UART-RTOS-Project\ArduinoRTOS_Sketch\ArduinoCore\Debug\libArduinoCore.a(CDC.o)
 .data._ZL13_cdcInterface
                0x2000003c       0x42 D:\Github\UART-RTOS-Project\ArduinoRTOS_Sketch\ArduinoCore\Debug\libArduinoCore.a(CDC.o)
 *fill*         0x2000007e        0x2 
 .data._serialPeek
                0x20000080        0x4 D:\Github\UART-RTOS-Project\ArduinoRTOS_Sketch\ArduinoCore\Debug\libArduinoCore.a(CDC.o)
                0x20000080                _serialPeek
 .data._impure_ptr
                0x20000084        0x4 c:/program files (x86)/atmel/studio/7.0/toolchain/arm/arm-gnu-toolchain/bin/../lib/gcc/arm-none-eabi/6.3.1/../../../../arm-none-eabi/lib/thumb/v6-m\libc_nano.a(lib_a-impure.o)
                0x20000084                _impure_ptr
 .data.impure_data
                0x20000088       0x60 c:/program files (x86)/atmel/studio/7.0/toolchain/arm/arm-gnu-toolchain/bin/../lib/gcc/arm-none-eabi/6.3.1/../../../../arm-none-eabi/lib/thumb/v6-m\libc_nano.a(lib_a-impure.o)
                0x200000e8                . = ALIGN (0x4)
                0x200000e8                PROVIDE (__preinit_array_start, .)
 *(.preinit_array)
                0x200000e8                PROVIDE (__preinit_array_end, .)
                0x200000e8                . = ALIGN (0x4)
                0x200000e8                PROVIDE (__init_array_start, .)
 *(SORT(.init_array.*))
 *(.init_array)
 .init_array    0x200000e8        0x4 c:/program files (x86)/atmel/studio/7.0/toolchain/arm/arm-gnu-toolchain/bin/../lib/gcc/arm-none-eabi/6.3.1/thumb/v6-m/crtbegin.o
 .init_array    0x200000ec        0x4 D:\Github\UART-RTOS-Project\ArduinoRTOS_Sketch\ArduinoCore\Debug\libArduinoCore.a(USBCore.o)
 .init_array    0x200000f0        0x4 D:\Github\UART-RTOS-Project\ArduinoRTOS_Sketch\ArduinoCore\Debug\libArduinoCore.a(variant.o)
 .init_array    0x200000f4        0x4 D:\Github\UART-RTOS-Project\ArduinoRTOS_Sketch\ArduinoCore\Debug\libArduinoCore.a(CDC.o)
                0x200000f8                PROVIDE (__init_array_end, .)
                0x200000f8                . = ALIGN (0x4)
                [!provide]                PROVIDE (__fini_array_start, .)
 *(SORT(.fini_array.*))
 *(.fini_array)
 .fini_array    0x200000f8        0x4 c:/program files (x86)/atmel/studio/7.0/toolchain/arm/arm-gnu-toolchain/bin/../lib/gcc/arm-none-eabi/6.3.1/thumb/v6-m/crtbegin.o
                [!provide]                PROVIDE (__fini_array_end, .)
 *(.jcr*)
 .jcr           0x200000fc        0x0 c:/program files (x86)/atmel/studio/7.0/toolchain/arm/arm-gnu-toolchain/bin/../lib/gcc/arm-none-eabi/6.3.1/thumb/v6-m/crtbegin.o
 .jcr           0x200000fc        0x4 c:/program files (x86)/atmel/studio/7.0/toolchain/arm/arm-gnu-toolchain/bin/../lib/gcc/arm-none-eabi/6.3.1/thumb/v6-m/crtend.o
                0x20000100                . = ALIGN (0x4)
                0x20000100                __data_end__ = .

.igot.plt       0x20000100        0x0 load address 0x00002b38
 .igot.plt      0x20000100        0x0 c:/program files (x86)/atmel/studio/7.0/toolchain/arm/arm-gnu-toolchain/bin/../lib/gcc/arm-none-eabi/6.3.1/thumb/v6-m/crtbegin.o

.bss            0x20000100      0xaa8 load address 0x00002b38
                0x20000100                . = ALIGN (0x4)
                0x20000100                __bss_start__ = .
 *(.bss*)
 .bss           0x20000100       0x1c c:/program files (x86)/atmel/studio/7.0/toolchain/arm/arm-gnu-toolchain/bin/../lib/gcc/arm-none-eabi/6.3.1/thumb/v6-m/crtbegin.o
 .bss.usb_isr   0x2000011c        0x4 D:\Github\UART-RTOS-Project\ArduinoRTOS_Sketch\ArduinoCore\Debug\libArduinoCore.a(cortex_handlers.o)
 .bss._ulTickCount
                0x20000120        0x4 D:\Github\UART-RTOS-Project\ArduinoRTOS_Sketch\ArduinoCore\Debug\libArduinoCore.a(delay.o)
 .bss.USBDevice
                0x20000124        0x1 D:\Github\UART-RTOS-Project\ArduinoRTOS_Sketch\ArduinoCore\Debug\libArduinoCore.a(USBCore.o)
                0x20000124                USBDevice
 *fill*         0x20000125        0x3 
 .bss._ZL10epHandlers
                0x20000128       0x1c D:\Github\UART-RTOS-Project\ArduinoRTOS_Sketch\ArduinoCore\Debug\libArduinoCore.a(USBCore.o)
 .bss._ZL10rxLEDPulse
                0x20000144        0x1 D:\Github\UART-RTOS-Project\ArduinoRTOS_Sketch\ArduinoCore\Debug\libArduinoCore.a(USBCore.o)
 .bss._ZL10txLEDPulse
                0x20000145        0x1 D:\Github\UART-RTOS-Project\ArduinoRTOS_Sketch\ArduinoCore\Debug\libArduinoCore.a(USBCore.o)
 .bss._ZL14isEndpointHalt
                0x20000146        0x1 D:\Github\UART-RTOS-Project\ArduinoRTOS_Sketch\ArduinoCore\Debug\libArduinoCore.a(USBCore.o)
 .bss._ZL20LastTransmitTimedOut
                0x20000147        0x7 D:\Github\UART-RTOS-Project\ArduinoRTOS_Sketch\ArduinoCore\Debug\libArduinoCore.a(USBCore.o)
 .bss._ZL21isRemoteWakeUpEnabled
                0x2000014e        0x1 D:\Github\UART-RTOS-Project\ArduinoRTOS_Sketch\ArduinoCore\Debug\libArduinoCore.a(USBCore.o)
 *fill*         0x2000014f        0x1 
 .bss._ZL22udd_ep_in_cache_buffer
                0x20000150      0x1c0 D:\Github\UART-RTOS-Project\ArduinoRTOS_Sketch\ArduinoCore\Debug\libArduinoCore.a(USBCore.o)
 .bss._ZL23udd_ep_out_cache_buffer
                0x20000310      0x1c0 D:\Github\UART-RTOS-Project\ArduinoRTOS_Sketch\ArduinoCore\Debug\libArduinoCore.a(USBCore.o)
 .bss._dry_run  0x200004d0        0x1 D:\Github\UART-RTOS-Project\ArduinoRTOS_Sketch\ArduinoCore\Debug\libArduinoCore.a(USBCore.o)
                0x200004d0                _dry_run
 .bss._pack_buffer
                0x200004d1      0x100 D:\Github\UART-RTOS-Project\ArduinoRTOS_Sketch\ArduinoCore\Debug\libArduinoCore.a(USBCore.o)
                0x200004d1                _pack_buffer
 .bss._pack_message
                0x200005d1        0x1 D:\Github\UART-RTOS-Project\ArduinoRTOS_Sketch\ArduinoCore\Debug\libArduinoCore.a(USBCore.o)
                0x200005d1                _pack_message
 .bss._pack_size
                0x200005d2        0x2 D:\Github\UART-RTOS-Project\ArduinoRTOS_Sketch\ArduinoCore\Debug\libArduinoCore.a(USBCore.o)
                0x200005d2                _pack_size
 .bss._usbConfiguration
                0x200005d4        0x4 D:\Github\UART-RTOS-Project\ArduinoRTOS_Sketch\ArduinoCore\Debug\libArduinoCore.a(USBCore.o)
                0x200005d4                _usbConfiguration
 .bss._usbSetInterface
                0x200005d8        0x4 D:\Github\UART-RTOS-Project\ArduinoRTOS_Sketch\ArduinoCore\Debug\libArduinoCore.a(USBCore.o)
                0x200005d8                _usbSetInterface
 .bss.usbd      0x200005dc      0x104 D:\Github\UART-RTOS-Project\ArduinoRTOS_Sketch\ArduinoCore\Debug\libArduinoCore.a(USBCore.o)
                0x200005dc                usbd
 .bss.Serial    0x200006e0      0x23c D:\Github\UART-RTOS-Project\ArduinoRTOS_Sketch\ArduinoCore\Debug\libArduinoCore.a(variant.o)
                0x200006e0                Serial
 .bss.Serial1   0x2000091c      0x23c D:\Github\UART-RTOS-Project\ArduinoRTOS_Sketch\ArduinoCore\Debug\libArduinoCore.a(variant.o)
                0x2000091c                Serial1
 .bss.sercom0   0x20000b58        0x4 D:\Github\UART-RTOS-Project\ArduinoRTOS_Sketch\ArduinoCore\Debug\libArduinoCore.a(variant.o)
                0x20000b58                sercom0
 .bss.sercom1   0x20000b5c        0x4 D:\Github\UART-RTOS-Project\ArduinoRTOS_Sketch\ArduinoCore\Debug\libArduinoCore.a(variant.o)
                0x20000b5c                sercom1
 .bss.sercom2   0x20000b60        0x4 D:\Github\UART-RTOS-Project\ArduinoRTOS_Sketch\ArduinoCore\Debug\libArduinoCore.a(variant.o)
                0x20000b60                sercom2
 .bss.sercom3   0x20000b64        0x4 D:\Github\UART-RTOS-Project\ArduinoRTOS_Sketch\ArduinoCore\Debug\libArduinoCore.a(variant.o)
                0x20000b64                sercom3
 .bss.sercom4   0x20000b68        0x4 D:\Github\UART-RTOS-Project\ArduinoRTOS_Sketch\ArduinoCore\Debug\libArduinoCore.a(variant.o)
                0x20000b68                sercom4
 .bss.sercom5   0x20000b6c        0x4 D:\Github\UART-RTOS-Project\ArduinoRTOS_Sketch\ArduinoCore\Debug\libArduinoCore.a(variant.o)
                0x20000b6c                sercom5
 .bss.SerialUSB
                0x20000b70       0x1c D:\Github\UART-RTOS-Project\ArduinoRTOS_Sketch\ArduinoCore\Debug\libArduinoCore.a(CDC.o)
                0x20000b70                SerialUSB
 .bss._ZGVZ12PluggableUSBvE3obj
                0x20000b8c        0x4 D:\Github\UART-RTOS-Project\ArduinoRTOS_Sketch\ArduinoCore\Debug\libArduinoCore.a(PluggableUSB.o)
 .bss._ZZ12PluggableUSBvE3obj
                0x20000b90        0x8 D:\Github\UART-RTOS-Project\ArduinoRTOS_Sketch\ArduinoCore\Debug\libArduinoCore.a(PluggableUSB.o)
 .bss.__malloc_free_list
                0x20000b98        0x4 c:/program files (x86)/atmel/studio/7.0/toolchain/arm/arm-gnu-toolchain/bin/../lib/gcc/arm-none-eabi/6.3.1/../../../../arm-none-eabi/lib/thumb/v6-m\libc_nano.a(lib_a-nano-mallocr.o)
                0x20000b98                __malloc_free_list
 .bss.__malloc_sbrk_start
                0x20000b9c        0x4 c:/program files (x86)/atmel/studio/7.0/toolchain/arm/arm-gnu-toolchain/bin/../lib/gcc/arm-none-eabi/6.3.1/../../../../arm-none-eabi/lib/thumb/v6-m\libc_nano.a(lib_a-nano-mallocr.o)
                0x20000b9c                __malloc_sbrk_start
 .bss.heap_end.4116
                0x20000ba0        0x4 c:/program files (x86)/atmel/studio/7.0/toolchain/arm/arm-gnu-toolchain/bin/../lib/gcc/arm-none-eabi/6.3.1/../../../../arm-none-eabi/lib/thumb/v6-m\libnosys.a(sbrk.o)
 *(COMMON)
 COMMON         0x20000ba4        0x4 c:/program files (x86)/atmel/studio/7.0/toolchain/arm/arm-gnu-toolchain/bin/../lib/gcc/arm-none-eabi/6.3.1/../../../../arm-none-eabi/lib/thumb/v6-m\libc_nano.a(lib_a-reent.o)
                0x20000ba4                errno
                0x20000ba8                . = ALIGN (0x4)
                0x20000ba8                __bss_end__ = .

.heap           0x20000ba8        0x0
                0x20000ba8                __end__ = .
                0x20000ba8                PROVIDE (end, .)
 *(.heap*)
                0x20000ba8                __HeapLimit = .

.stack_dummy    0x20000ba8        0x0
 *(.stack*)
                0x20008000                __StackTop = (ORIGIN (RAM) + LENGTH (RAM))
                0x20008000                __StackLimit = (__StackTop - SIZEOF (.stack_dummy))
                0x20008000                PROVIDE (__stack, __StackTop)
                0x20007fff                __ram_end__ = ((ORIGIN (RAM) + LENGTH (RAM)) - 0x1)
                0x00000001                ASSERT ((__StackLimit >= __HeapLimit), region RAM overflowed with stack)
OUTPUT(Basic_RTOS_Example.elf elf32-littlearm)

.ARM.attributes
                0x00000000       0x28
 .ARM.attributes
                0x00000000       0x1e c:/program files (x86)/atmel/studio/7.0/toolchain/arm/arm-gnu-toolchain/bin/../lib/gcc/arm-none-eabi/6.3.1/thumb/v6-m/crti.o
 .ARM.attributes
                0x0000001e       0x2c c:/program files (x86)/atmel/studio/7.0/toolchain/arm/arm-gnu-toolchain/bin/../lib/gcc/arm-none-eabi/6.3.1/thumb/v6-m/crtbegin.o
 .ARM.attributes
                0x0000004a       0x32 custom_uart.o
 .ARM.attributes
                0x0000007c       0x32 Main.o
 .ARM.attributes
                0x000000ae       0x32 D:\Github\UART-RTOS-Project\ArduinoRTOS_Sketch\ArduinoCore\Debug\libArduinoCore.a(cortex_handlers.o)
 .ARM.attributes
                0x000000e0       0x32 D:\Github\UART-RTOS-Project\ArduinoRTOS_Sketch\ArduinoCore\Debug\libArduinoCore.a(delay.o)
 .ARM.attributes
                0x00000112       0x32 D:\Github\UART-RTOS-Project\ArduinoRTOS_Sketch\ArduinoCore\Debug\libArduinoCore.a(hooks.o)
 .ARM.attributes
                0x00000144       0x32 D:\Github\UART-RTOS-Project\ArduinoRTOS_Sketch\ArduinoCore\Debug\libArduinoCore.a(main.o)
 .ARM.attributes
                0x00000176       0x32 D:\Github\UART-RTOS-Project\ArduinoRTOS_Sketch\ArduinoCore\Debug\libArduinoCore.a(new.o)
 .ARM.attributes
                0x000001a8       0x32 D:\Github\UART-RTOS-Project\ArduinoRTOS_Sketch\ArduinoCore\Debug\libArduinoCore.a(Reset.o)
 .ARM.attributes
                0x000001da       0x32 D:\Github\UART-RTOS-Project\ArduinoRTOS_Sketch\ArduinoCore\Debug\libArduinoCore.a(startup.o)
 .ARM.attributes
                0x0000020c       0x32 D:\Github\UART-RTOS-Project\ArduinoRTOS_Sketch\ArduinoCore\Debug\libArduinoCore.a(USBCore.o)
 .ARM.attributes
                0x0000023e       0x32 D:\Github\UART-RTOS-Project\ArduinoRTOS_Sketch\ArduinoCore\Debug\libArduinoCore.a(wiring.o)
 .ARM.attributes
                0x00000270       0x32 D:\Github\UART-RTOS-Project\ArduinoRTOS_Sketch\ArduinoCore\Debug\libArduinoCore.a(wiring_analog.o)
 .ARM.attributes
                0x000002a2       0x32 D:\Github\UART-RTOS-Project\ArduinoRTOS_Sketch\ArduinoCore\Debug\libArduinoCore.a(wiring_digital.o)
 .ARM.attributes
                0x000002d4       0x32 D:\Github\UART-RTOS-Project\ArduinoRTOS_Sketch\ArduinoCore\Debug\libArduinoCore.a(wiring_private.o)
 .ARM.attributes
                0x00000306       0x32 D:\Github\UART-RTOS-Project\ArduinoRTOS_Sketch\ArduinoCore\Debug\libArduinoCore.a(error_hooks.o)
 .ARM.attributes
                0x00000338       0x32 D:\Github\UART-RTOS-Project\ArduinoRTOS_Sketch\ArduinoCore\Debug\libArduinoCore.a(variant.o)
 .ARM.attributes
                0x0000036a       0x32 D:\Github\UART-RTOS-Project\ArduinoRTOS_Sketch\ArduinoCore\Debug\libArduinoCore.a(SERCOM.o)
 .ARM.attributes
                0x0000039c       0x32 D:\Github\UART-RTOS-Project\ArduinoRTOS_Sketch\ArduinoCore\Debug\libArduinoCore.a(Uart.o)
 .ARM.attributes
                0x000003ce       0x32 D:\Github\UART-RTOS-Project\ArduinoRTOS_Sketch\ArduinoCore\Debug\libArduinoCore.a(CDC.o)
 .ARM.attributes
                0x00000400       0x32 D:\Github\UART-RTOS-Project\ArduinoRTOS_Sketch\ArduinoCore\Debug\libArduinoCore.a(PluggableUSB.o)
 .ARM.attributes
                0x00000432       0x32 D:\Github\UART-RTOS-Project\ArduinoRTOS_Sketch\ArduinoCore\Debug\libArduinoCore.a(Print.o)
 .ARM.attributes
                0x00000464       0x1e c:/program files (x86)/atmel/studio/7.0/toolchain/arm/arm-gnu-toolchain/bin/../lib/gcc/arm-none-eabi/6.3.1/thumb/v6-m\libgcc.a(_thumb1_case_uqi.o)
 .ARM.attributes
                0x00000482       0x1e c:/program files (x86)/atmel/studio/7.0/toolchain/arm/arm-gnu-toolchain/bin/../lib/gcc/arm-none-eabi/6.3.1/thumb/v6-m\libgcc.a(_udivsi3.o)
 .ARM.attributes
                0x000004a0       0x1e c:/program files (x86)/atmel/studio/7.0/toolchain/arm/arm-gnu-toolchain/bin/../lib/gcc/arm-none-eabi/6.3.1/thumb/v6-m\libgcc.a(_dvmd_tls.o)
 .ARM.attributes
                0x000004be       0x2c c:/program files (x86)/atmel/studio/7.0/toolchain/arm/arm-gnu-toolchain/bin/../lib/gcc/arm-none-eabi/6.3.1/../../../../arm-none-eabi/lib/thumb/v6-m\libc_nano.a(lib_a-impure.o)
 .ARM.attributes
                0x000004ea       0x2c c:/program files (x86)/atmel/studio/7.0/toolchain/arm/arm-gnu-toolchain/bin/../lib/gcc/arm-none-eabi/6.3.1/../../../../arm-none-eabi/lib/thumb/v6-m\libc_nano.a(lib_a-init.o)
 .ARM.attributes
                0x00000516       0x2c c:/program files (x86)/atmel/studio/7.0/toolchain/arm/arm-gnu-toolchain/bin/../lib/gcc/arm-none-eabi/6.3.1/../../../../arm-none-eabi/lib/thumb/v6-m\libc_nano.a(lib_a-malloc.o)
 .ARM.attributes
                0x00000542       0x2c c:/program files (x86)/atmel/studio/7.0/toolchain/arm/arm-gnu-toolchain/bin/../lib/gcc/arm-none-eabi/6.3.1/../../../../arm-none-eabi/lib/thumb/v6-m\libc_nano.a(lib_a-memcpy-stub.o)
 .ARM.attributes
                0x0000056e       0x2c c:/program files (x86)/atmel/studio/7.0/toolchain/arm/arm-gnu-toolchain/bin/../lib/gcc/arm-none-eabi/6.3.1/../../../../arm-none-eabi/lib/thumb/v6-m\libc_nano.a(lib_a-memset.o)
 .ARM.attributes
                0x0000059a       0x2c c:/program files (x86)/atmel/studio/7.0/toolchain/arm/arm-gnu-toolchain/bin/../lib/gcc/arm-none-eabi/6.3.1/../../../../arm-none-eabi/lib/thumb/v6-m\libc_nano.a(lib_a-nano-freer.o)
 .ARM.attributes
                0x000005c6       0x2c c:/program files (x86)/atmel/studio/7.0/toolchain/arm/arm-gnu-toolchain/bin/../lib/gcc/arm-none-eabi/6.3.1/../../../../arm-none-eabi/lib/thumb/v6-m\libc_nano.a(lib_a-nano-mallocr.o)
 .ARM.attributes
                0x000005f2       0x2c c:/program files (x86)/atmel/studio/7.0/toolchain/arm/arm-gnu-toolchain/bin/../lib/gcc/arm-none-eabi/6.3.1/../../../../arm-none-eabi/lib/thumb/v6-m\libc_nano.a(lib_a-sbrkr.o)
 .ARM.attributes
                0x0000061e       0x1c c:/program files (x86)/atmel/studio/7.0/toolchain/arm/arm-gnu-toolchain/bin/../lib/gcc/arm-none-eabi/6.3.1/../../../../arm-none-eabi/lib/thumb/v6-m\libc_nano.a(lib_a-strlen.o)
 .ARM.attributes
                0x0000063a       0x2c c:/program files (x86)/atmel/studio/7.0/toolchain/arm/arm-gnu-toolchain/bin/../lib/gcc/arm-none-eabi/6.3.1/../../../../arm-none-eabi/lib/thumb/v6-m\libc_nano.a(lib_a-mlock.o)
 .ARM.attributes
                0x00000666       0x2c c:/program files (x86)/atmel/studio/7.0/toolchain/arm/arm-gnu-toolchain/bin/../lib/gcc/arm-none-eabi/6.3.1/../../../../arm-none-eabi/lib/thumb/v6-m\libc_nano.a(lib_a-reent.o)
 .ARM.attributes
                0x00000692       0x2c c:/program files (x86)/atmel/studio/7.0/toolchain/arm/arm-gnu-toolchain/bin/../lib/gcc/arm-none-eabi/6.3.1/../../../../arm-none-eabi/lib/thumb/v6-m\libnosys.a(sbrk.o)
 .ARM.attributes
                0x000006be       0x2c c:/program files (x86)/atmel/studio/7.0/toolchain/arm/arm-gnu-toolchain/bin/../lib/gcc/arm-none-eabi/6.3.1/thumb/v6-m/crtend.o
 .ARM.attributes
                0x000006ea       0x1e c:/program files (x86)/atmel/studio/7.0/toolchain/arm/arm-gnu-toolchain/bin/../lib/gcc/arm-none-eabi/6.3.1/thumb/v6-m/crtn.o

.comment        0x00000000       0x59
 .comment       0x00000000       0x59 custom_uart.o
                                 0x5a (size before relaxing)
 .comment       0x00000059       0x5a Main.o
 .comment       0x00000059       0x5a D:\Github\UART-RTOS-Project\ArduinoRTOS_Sketch\ArduinoCore\Debug\libArduinoCore.a(cortex_handlers.o)
 .comment       0x00000059       0x5a D:\Github\UART-RTOS-Project\ArduinoRTOS_Sketch\ArduinoCore\Debug\libArduinoCore.a(delay.o)
 .comment       0x00000059       0x5a D:\Github\UART-RTOS-Project\ArduinoRTOS_Sketch\ArduinoCore\Debug\libArduinoCore.a(hooks.o)
 .comment       0x00000059       0x5a D:\Github\UART-RTOS-Project\ArduinoRTOS_Sketch\ArduinoCore\Debug\libArduinoCore.a(main.o)
 .comment       0x00000059       0x5a D:\Github\UART-RTOS-Project\ArduinoRTOS_Sketch\ArduinoCore\Debug\libArduinoCore.a(new.o)
 .comment       0x00000059       0x5a D:\Github\UART-RTOS-Project\ArduinoRTOS_Sketch\ArduinoCore\Debug\libArduinoCore.a(Reset.o)
 .comment       0x00000059       0x5a D:\Github\UART-RTOS-Project\ArduinoRTOS_Sketch\ArduinoCore\Debug\libArduinoCore.a(startup.o)
 .comment       0x00000059       0x5a D:\Github\UART-RTOS-Project\ArduinoRTOS_Sketch\ArduinoCore\Debug\libArduinoCore.a(USBCore.o)
 .comment       0x00000059       0x5a D:\Github\UART-RTOS-Project\ArduinoRTOS_Sketch\ArduinoCore\Debug\libArduinoCore.a(wiring.o)
 .comment       0x00000059       0x5a D:\Github\UART-RTOS-Project\ArduinoRTOS_Sketch\ArduinoCore\Debug\libArduinoCore.a(wiring_analog.o)
 .comment       0x00000059       0x5a D:\Github\UART-RTOS-Project\ArduinoRTOS_Sketch\ArduinoCore\Debug\libArduinoCore.a(wiring_digital.o)
 .comment       0x00000059       0x5a D:\Github\UART-RTOS-Project\ArduinoRTOS_Sketch\ArduinoCore\Debug\libArduinoCore.a(wiring_private.o)
 .comment       0x00000059       0x5a D:\Github\UART-RTOS-Project\ArduinoRTOS_Sketch\ArduinoCore\Debug\libArduinoCore.a(error_hooks.o)
 .comment       0x00000059       0x5a D:\Github\UART-RTOS-Project\ArduinoRTOS_Sketch\ArduinoCore\Debug\libArduinoCore.a(variant.o)
 .comment       0x00000059       0x5a D:\Github\UART-RTOS-Project\ArduinoRTOS_Sketch\ArduinoCore\Debug\libArduinoCore.a(SERCOM.o)
 .comment       0x00000059       0x5a D:\Github\UART-RTOS-Project\ArduinoRTOS_Sketch\ArduinoCore\Debug\libArduinoCore.a(Uart.o)
 .comment       0x00000059       0x5a D:\Github\UART-RTOS-Project\ArduinoRTOS_Sketch\ArduinoCore\Debug\libArduinoCore.a(CDC.o)
 .comment       0x00000059       0x5a D:\Github\UART-RTOS-Project\ArduinoRTOS_Sketch\ArduinoCore\Debug\libArduinoCore.a(PluggableUSB.o)
 .comment       0x00000059       0x5a D:\Github\UART-RTOS-Project\ArduinoRTOS_Sketch\ArduinoCore\Debug\libArduinoCore.a(Print.o)

.debug_info     0x00000000    0x57b4a
 .debug_info    0x00000000     0x5a69 custom_uart.o
 .debug_info    0x00005a69     0x548b Main.o
 .debug_info    0x0000aef4     0x1258 D:\Github\UART-RTOS-Project\ArduinoRTOS_Sketch\ArduinoCore\Debug\libArduinoCore.a(cortex_handlers.o)
 .debug_info    0x0000c14c     0x149f D:\Github\UART-RTOS-Project\ArduinoRTOS_Sketch\ArduinoCore\Debug\libArduinoCore.a(delay.o)
 .debug_info    0x0000d5eb       0x72 D:\Github\UART-RTOS-Project\ArduinoRTOS_Sketch\ArduinoCore\Debug\libArduinoCore.a(hooks.o)
 .debug_info    0x0000d65d     0x481c D:\Github\UART-RTOS-Project\ArduinoRTOS_Sketch\ArduinoCore\Debug\libArduinoCore.a(main.o)
 .debug_info    0x00011e79     0x107d D:\Github\UART-RTOS-Project\ArduinoRTOS_Sketch\ArduinoCore\Debug\libArduinoCore.a(new.o)
 .debug_info    0x00012ef6     0x4e03 D:\Github\UART-RTOS-Project\ArduinoRTOS_Sketch\ArduinoCore\Debug\libArduinoCore.a(Reset.o)
 .debug_info    0x00017cf9     0x3874 D:\Github\UART-RTOS-Project\ArduinoRTOS_Sketch\ArduinoCore\Debug\libArduinoCore.a(startup.o)
 .debug_info    0x0001b56d     0xc6dd D:\Github\UART-RTOS-Project\ArduinoRTOS_Sketch\ArduinoCore\Debug\libArduinoCore.a(USBCore.o)
 .debug_info    0x00027c4a     0x3030 D:\Github\UART-RTOS-Project\ArduinoRTOS_Sketch\ArduinoCore\Debug\libArduinoCore.a(wiring.o)
 .debug_info    0x0002ac7a     0x5475 D:\Github\UART-RTOS-Project\ArduinoRTOS_Sketch\ArduinoCore\Debug\libArduinoCore.a(wiring_analog.o)
 .debug_info    0x000300ef     0x194c D:\Github\UART-RTOS-Project\ArduinoRTOS_Sketch\ArduinoCore\Debug\libArduinoCore.a(wiring_digital.o)
 .debug_info    0x00031a3b     0x192f D:\Github\UART-RTOS-Project\ArduinoRTOS_Sketch\ArduinoCore\Debug\libArduinoCore.a(wiring_private.o)
 .debug_info    0x0003336a     0x1461 D:\Github\UART-RTOS-Project\ArduinoRTOS_Sketch\ArduinoCore\Debug\libArduinoCore.a(error_hooks.o)
 .debug_info    0x000347cb     0x6ae9 D:\Github\UART-RTOS-Project\ArduinoRTOS_Sketch\ArduinoCore\Debug\libArduinoCore.a(variant.o)
 .debug_info    0x0003b2b4     0x52ee D:\Github\UART-RTOS-Project\ArduinoRTOS_Sketch\ArduinoCore\Debug\libArduinoCore.a(SERCOM.o)
 .debug_info    0x000405a2     0x7991 D:\Github\UART-RTOS-Project\ArduinoRTOS_Sketch\ArduinoCore\Debug\libArduinoCore.a(Uart.o)
 .debug_info    0x00047f33     0x703d D:\Github\UART-RTOS-Project\ArduinoRTOS_Sketch\ArduinoCore\Debug\libArduinoCore.a(CDC.o)
 .debug_info    0x0004ef70     0x1c00 D:\Github\UART-RTOS-Project\ArduinoRTOS_Sketch\ArduinoCore\Debug\libArduinoCore.a(PluggableUSB.o)
 .debug_info    0x00050b70     0x6fda D:\Github\UART-RTOS-Project\ArduinoRTOS_Sketch\ArduinoCore\Debug\libArduinoCore.a(Print.o)

.debug_abbrev   0x00000000     0x65d9
 .debug_abbrev  0x00000000      0x63d custom_uart.o
 .debug_abbrev  0x0000063d      0x500 Main.o
 .debug_abbrev  0x00000b3d      0x298 D:\Github\UART-RTOS-Project\ArduinoRTOS_Sketch\ArduinoCore\Debug\libArduinoCore.a(cortex_handlers.o)
 .debug_abbrev  0x00000dd5      0x2bc D:\Github\UART-RTOS-Project\ArduinoRTOS_Sketch\ArduinoCore\Debug\libArduinoCore.a(delay.o)
 .debug_abbrev  0x00001091       0x4e D:\Github\UART-RTOS-Project\ArduinoRTOS_Sketch\ArduinoCore\Debug\libArduinoCore.a(hooks.o)
 .debug_abbrev  0x000010df      0x4da D:\Github\UART-RTOS-Project\ArduinoRTOS_Sketch\ArduinoCore\Debug\libArduinoCore.a(main.o)
 .debug_abbrev  0x000015b9      0x2e5 D:\Github\UART-RTOS-Project\ArduinoRTOS_Sketch\ArduinoCore\Debug\libArduinoCore.a(new.o)
 .debug_abbrev  0x0000189e      0x596 D:\Github\UART-RTOS-Project\ArduinoRTOS_Sketch\ArduinoCore\Debug\libArduinoCore.a(Reset.o)
 .debug_abbrev  0x00001e34      0x28f D:\Github\UART-RTOS-Project\ArduinoRTOS_Sketch\ArduinoCore\Debug\libArduinoCore.a(startup.o)
 .debug_abbrev  0x000020c3      0xbbb D:\Github\UART-RTOS-Project\ArduinoRTOS_Sketch\ArduinoCore\Debug\libArduinoCore.a(USBCore.o)
 .debug_abbrev  0x00002c7e      0x35c D:\Github\UART-RTOS-Project\ArduinoRTOS_Sketch\ArduinoCore\Debug\libArduinoCore.a(wiring.o)
 .debug_abbrev  0x00002fda      0x450 D:\Github\UART-RTOS-Project\ArduinoRTOS_Sketch\ArduinoCore\Debug\libArduinoCore.a(wiring_analog.o)
 .debug_abbrev  0x0000342a      0x2fd D:\Github\UART-RTOS-Project\ArduinoRTOS_Sketch\ArduinoCore\Debug\libArduinoCore.a(wiring_digital.o)
 .debug_abbrev  0x00003727      0x2ea D:\Github\UART-RTOS-Project\ArduinoRTOS_Sketch\ArduinoCore\Debug\libArduinoCore.a(wiring_private.o)
 .debug_abbrev  0x00003a11      0x2ed D:\Github\UART-RTOS-Project\ArduinoRTOS_Sketch\ArduinoCore\Debug\libArduinoCore.a(error_hooks.o)
 .debug_abbrev  0x00003cfe      0x4f2 D:\Github\UART-RTOS-Project\ArduinoRTOS_Sketch\ArduinoCore\Debug\libArduinoCore.a(variant.o)
 .debug_abbrev  0x000041f0      0x6c5 D:\Github\UART-RTOS-Project\ArduinoRTOS_Sketch\ArduinoCore\Debug\libArduinoCore.a(SERCOM.o)
 .debug_abbrev  0x000048b5      0x813 D:\Github\UART-RTOS-Project\ArduinoRTOS_Sketch\ArduinoCore\Debug\libArduinoCore.a(Uart.o)
 .debug_abbrev  0x000050c8      0x893 D:\Github\UART-RTOS-Project\ArduinoRTOS_Sketch\ArduinoCore\Debug\libArduinoCore.a(CDC.o)
 .debug_abbrev  0x0000595b      0x4ef D:\Github\UART-RTOS-Project\ArduinoRTOS_Sketch\ArduinoCore\Debug\libArduinoCore.a(PluggableUSB.o)
 .debug_abbrev  0x00005e4a      0x78f D:\Github\UART-RTOS-Project\ArduinoRTOS_Sketch\ArduinoCore\Debug\libArduinoCore.a(Print.o)

.debug_loc      0x00000000     0x77ec
 .debug_loc     0x00000000      0x362 custom_uart.o
 .debug_loc     0x00000362       0x33 Main.o
 .debug_loc     0x00000395       0x9c D:\Github\UART-RTOS-Project\ArduinoRTOS_Sketch\ArduinoCore\Debug\libArduinoCore.a(cortex_handlers.o)
 .debug_loc     0x00000431      0x169 D:\Github\UART-RTOS-Project\ArduinoRTOS_Sketch\ArduinoCore\Debug\libArduinoCore.a(delay.o)
 .debug_loc     0x0000059a       0x20 D:\Github\UART-RTOS-Project\ArduinoRTOS_Sketch\ArduinoCore\Debug\libArduinoCore.a(main.o)
 .debug_loc     0x000005ba       0x82 D:\Github\UART-RTOS-Project\ArduinoRTOS_Sketch\ArduinoCore\Debug\libArduinoCore.a(new.o)
 .debug_loc     0x0000063c       0x20 D:\Github\UART-RTOS-Project\ArduinoRTOS_Sketch\ArduinoCore\Debug\libArduinoCore.a(Reset.o)
 .debug_loc     0x0000065c       0x4e D:\Github\UART-RTOS-Project\ArduinoRTOS_Sketch\ArduinoCore\Debug\libArduinoCore.a(startup.o)
 .debug_loc     0x000006aa     0x2bce D:\Github\UART-RTOS-Project\ArduinoRTOS_Sketch\ArduinoCore\Debug\libArduinoCore.a(USBCore.o)
 .debug_loc     0x00003278       0xcb D:\Github\UART-RTOS-Project\ArduinoRTOS_Sketch\ArduinoCore\Debug\libArduinoCore.a(wiring.o)
 .debug_loc     0x00003343      0x5d7 D:\Github\UART-RTOS-Project\ArduinoRTOS_Sketch\ArduinoCore\Debug\libArduinoCore.a(wiring_analog.o)
 .debug_loc     0x0000391a      0x18c D:\Github\UART-RTOS-Project\ArduinoRTOS_Sketch\ArduinoCore\Debug\libArduinoCore.a(wiring_digital.o)
 .debug_loc     0x00003aa6      0x14e D:\Github\UART-RTOS-Project\ArduinoRTOS_Sketch\ArduinoCore\Debug\libArduinoCore.a(wiring_private.o)
 .debug_loc     0x00003bf4      0x163 D:\Github\UART-RTOS-Project\ArduinoRTOS_Sketch\ArduinoCore\Debug\libArduinoCore.a(error_hooks.o)
 .debug_loc     0x00003d57       0x8a D:\Github\UART-RTOS-Project\ArduinoRTOS_Sketch\ArduinoCore\Debug\libArduinoCore.a(variant.o)
 .debug_loc     0x00003de1      0xd23 D:\Github\UART-RTOS-Project\ArduinoRTOS_Sketch\ArduinoCore\Debug\libArduinoCore.a(SERCOM.o)
 .debug_loc     0x00004b04      0xbde D:\Github\UART-RTOS-Project\ArduinoRTOS_Sketch\ArduinoCore\Debug\libArduinoCore.a(Uart.o)
 .debug_loc     0x000056e2      0x70f D:\Github\UART-RTOS-Project\ArduinoRTOS_Sketch\ArduinoCore\Debug\libArduinoCore.a(CDC.o)
 .debug_loc     0x00005df1      0x300 D:\Github\UART-RTOS-Project\ArduinoRTOS_Sketch\ArduinoCore\Debug\libArduinoCore.a(PluggableUSB.o)
 .debug_loc     0x000060f1     0x16fb D:\Github\UART-RTOS-Project\ArduinoRTOS_Sketch\ArduinoCore\Debug\libArduinoCore.a(Print.o)

.debug_aranges  0x00000000      0x928
 .debug_aranges
                0x00000000       0x50 custom_uart.o
 .debug_aranges
                0x00000050       0x28 Main.o
 .debug_aranges
                0x00000078       0x40 D:\Github\UART-RTOS-Project\ArduinoRTOS_Sketch\ArduinoCore\Debug\libArduinoCore.a(cortex_handlers.o)
 .debug_aranges
                0x000000b8       0x38 D:\Github\UART-RTOS-Project\ArduinoRTOS_Sketch\ArduinoCore\Debug\libArduinoCore.a(delay.o)
 .debug_aranges
                0x000000f0       0x30 D:\Github\UART-RTOS-Project\ArduinoRTOS_Sketch\ArduinoCore\Debug\libArduinoCore.a(hooks.o)
 .debug_aranges
                0x00000120       0x28 D:\Github\UART-RTOS-Project\ArduinoRTOS_Sketch\ArduinoCore\Debug\libArduinoCore.a(main.o)
 .debug_aranges
                0x00000148       0x28 D:\Github\UART-RTOS-Project\ArduinoRTOS_Sketch\ArduinoCore\Debug\libArduinoCore.a(new.o)
 .debug_aranges
                0x00000170       0x30 D:\Github\UART-RTOS-Project\ArduinoRTOS_Sketch\ArduinoCore\Debug\libArduinoCore.a(Reset.o)
 .debug_aranges
                0x000001a0       0x20 D:\Github\UART-RTOS-Project\ArduinoRTOS_Sketch\ArduinoCore\Debug\libArduinoCore.a(startup.o)
 .debug_aranges
                0x000001c0      0x180 D:\Github\UART-RTOS-Project\ArduinoRTOS_Sketch\ArduinoCore\Debug\libArduinoCore.a(USBCore.o)
 .debug_aranges
                0x00000340       0x20 D:\Github\UART-RTOS-Project\ArduinoRTOS_Sketch\ArduinoCore\Debug\libArduinoCore.a(wiring.o)
 .debug_aranges
                0x00000360       0x48 D:\Github\UART-RTOS-Project\ArduinoRTOS_Sketch\ArduinoCore\Debug\libArduinoCore.a(wiring_analog.o)
 .debug_aranges
                0x000003a8       0x30 D:\Github\UART-RTOS-Project\ArduinoRTOS_Sketch\ArduinoCore\Debug\libArduinoCore.a(wiring_digital.o)
 .debug_aranges
                0x000003d8       0x20 D:\Github\UART-RTOS-Project\ArduinoRTOS_Sketch\ArduinoCore\Debug\libArduinoCore.a(wiring_private.o)
 .debug_aranges
                0x000003f8       0x48 D:\Github\UART-RTOS-Project\ArduinoRTOS_Sketch\ArduinoCore\Debug\libArduinoCore.a(error_hooks.o)
 .debug_aranges
                0x00000440       0x30 D:\Github\UART-RTOS-Project\ArduinoRTOS_Sketch\ArduinoCore\Debug\libArduinoCore.a(variant.o)
 .debug_aranges
                0x00000470      0x1e0 D:\Github\UART-RTOS-Project\ArduinoRTOS_Sketch\ArduinoCore\Debug\libArduinoCore.a(SERCOM.o)
 .debug_aranges
                0x00000650       0xb0 D:\Github\UART-RTOS-Project\ArduinoRTOS_Sketch\ArduinoCore\Debug\libArduinoCore.a(Uart.o)
 .debug_aranges
                0x00000700       0xd8 D:\Github\UART-RTOS-Project\ArduinoRTOS_Sketch\ArduinoCore\Debug\libArduinoCore.a(CDC.o)
 .debug_aranges
                0x000007d8       0x50 D:\Github\UART-RTOS-Project\ArduinoRTOS_Sketch\ArduinoCore\Debug\libArduinoCore.a(PluggableUSB.o)
 .debug_aranges
                0x00000828      0x100 D:\Github\UART-RTOS-Project\ArduinoRTOS_Sketch\ArduinoCore\Debug\libArduinoCore.a(Print.o)

.debug_ranges   0x00000000     0x1220
 .debug_ranges  0x00000000       0xb0 custom_uart.o
 .debug_ranges  0x000000b0       0x18 Main.o
 .debug_ranges  0x000000c8       0x30 D:\Github\UART-RTOS-Project\ArduinoRTOS_Sketch\ArduinoCore\Debug\libArduinoCore.a(cortex_handlers.o)
 .debug_ranges  0x000000f8       0x28 D:\Github\UART-RTOS-Project\ArduinoRTOS_Sketch\ArduinoCore\Debug\libArduinoCore.a(delay.o)
 .debug_ranges  0x00000120       0x20 D:\Github\UART-RTOS-Project\ArduinoRTOS_Sketch\ArduinoCore\Debug\libArduinoCore.a(hooks.o)
 .debug_ranges  0x00000140       0x18 D:\Github\UART-RTOS-Project\ArduinoRTOS_Sketch\ArduinoCore\Debug\libArduinoCore.a(main.o)
 .debug_ranges  0x00000158       0x18 D:\Github\UART-RTOS-Project\ArduinoRTOS_Sketch\ArduinoCore\Debug\libArduinoCore.a(new.o)
 .debug_ranges  0x00000170       0x38 D:\Github\UART-RTOS-Project\ArduinoRTOS_Sketch\ArduinoCore\Debug\libArduinoCore.a(Reset.o)
 .debug_ranges  0x000001a8       0x10 D:\Github\UART-RTOS-Project\ArduinoRTOS_Sketch\ArduinoCore\Debug\libArduinoCore.a(startup.o)
 .debug_ranges  0x000001b8      0x7d0 D:\Github\UART-RTOS-Project\ArduinoRTOS_Sketch\ArduinoCore\Debug\libArduinoCore.a(USBCore.o)
 .debug_ranges  0x00000988       0x28 D:\Github\UART-RTOS-Project\ArduinoRTOS_Sketch\ArduinoCore\Debug\libArduinoCore.a(wiring.o)
 .debug_ranges  0x000009b0       0x98 D:\Github\UART-RTOS-Project\ArduinoRTOS_Sketch\ArduinoCore\Debug\libArduinoCore.a(wiring_analog.o)
 .debug_ranges  0x00000a48       0x20 D:\Github\UART-RTOS-Project\ArduinoRTOS_Sketch\ArduinoCore\Debug\libArduinoCore.a(wiring_digital.o)
 .debug_ranges  0x00000a68       0x30 D:\Github\UART-RTOS-Project\ArduinoRTOS_Sketch\ArduinoCore\Debug\libArduinoCore.a(wiring_private.o)
 .debug_ranges  0x00000a98       0x50 D:\Github\UART-RTOS-Project\ArduinoRTOS_Sketch\ArduinoCore\Debug\libArduinoCore.a(error_hooks.o)
 .debug_ranges  0x00000ae8       0x20 D:\Github\UART-RTOS-Project\ArduinoRTOS_Sketch\ArduinoCore\Debug\libArduinoCore.a(variant.o)
 .debug_ranges  0x00000b08      0x270 D:\Github\UART-RTOS-Project\ArduinoRTOS_Sketch\ArduinoCore\Debug\libArduinoCore.a(SERCOM.o)
 .debug_ranges  0x00000d78      0x1d8 D:\Github\UART-RTOS-Project\ArduinoRTOS_Sketch\ArduinoCore\Debug\libArduinoCore.a(Uart.o)
 .debug_ranges  0x00000f50       0xf8 D:\Github\UART-RTOS-Project\ArduinoRTOS_Sketch\ArduinoCore\Debug\libArduinoCore.a(CDC.o)
 .debug_ranges  0x00001048       0x58 D:\Github\UART-RTOS-Project\ArduinoRTOS_Sketch\ArduinoCore\Debug\libArduinoCore.a(PluggableUSB.o)
 .debug_ranges  0x000010a0      0x180 D:\Github\UART-RTOS-Project\ArduinoRTOS_Sketch\ArduinoCore\Debug\libArduinoCore.a(Print.o)

.debug_macro    0x00000000    0x1e170
 .debug_macro   0x00000000      0x70c custom_uart.o
 .debug_macro   0x0000070c      0x982 custom_uart.o
 .debug_macro   0x0000108e      0x2e6 custom_uart.o
 .debug_macro   0x00001374       0x1c custom_uart.o
 .debug_macro   0x00001390       0x22 custom_uart.o
 .debug_macro   0x000013b2       0x87 custom_uart.o
 .debug_macro   0x00001439       0x51 custom_uart.o
 .debug_macro   0x0000148a       0xef custom_uart.o
 .debug_macro   0x00001579       0x6a custom_uart.o
 .debug_macro   0x000015e3      0x1df custom_uart.o
 .debug_macro   0x000017c2       0x3a custom_uart.o
 .debug_macro   0x000017fc       0x1c custom_uart.o
 .debug_macro   0x00001818       0x22 custom_uart.o
 .debug_macro   0x0000183a       0xb5 custom_uart.o
 .debug_macro   0x000018ef      0x3ad custom_uart.o
 .debug_macro   0x00001c9c      0x682 custom_uart.o
 .debug_macro   0x0000231e      0x8bf custom_uart.o
 .debug_macro   0x00002bdd      0x235 custom_uart.o
 .debug_macro   0x00002e12      0xd6a custom_uart.o
 .debug_macro   0x00003b7c      0x4ce custom_uart.o
 .debug_macro   0x0000404a      0x9f8 custom_uart.o
 .debug_macro   0x00004a42      0x82b custom_uart.o
 .debug_macro   0x0000526d      0x45f custom_uart.o
 .debug_macro   0x000056cc       0x5e custom_uart.o
 .debug_macro   0x0000572a      0x906 custom_uart.o
 .debug_macro   0x00006030      0x225 custom_uart.o
 .debug_macro   0x00006255      0x797 custom_uart.o
 .debug_macro   0x000069ec       0x5e custom_uart.o
 .debug_macro   0x00006a4a      0x634 custom_uart.o
 .debug_macro   0x0000707e      0x3b6 custom_uart.o
 .debug_macro   0x00007434      0xc55 custom_uart.o
 .debug_macro   0x00008089     0x1092 custom_uart.o
 .debug_macro   0x0000911b      0xc4a custom_uart.o
 .debug_macro   0x00009d65      0x6bf custom_uart.o
 .debug_macro   0x0000a424     0x1b4b custom_uart.o
 .debug_macro   0x0000bf6f     0x144a custom_uart.o
 .debug_macro   0x0000d3b9      0x34e custom_uart.o
 .debug_macro   0x0000d707       0x7c custom_uart.o
 .debug_macro   0x0000d783       0xa0 custom_uart.o
 .debug_macro   0x0000d823       0x4c custom_uart.o
 .debug_macro   0x0000d86f       0xca custom_uart.o
 .debug_macro   0x0000d939       0x94 custom_uart.o
 .debug_macro   0x0000d9cd       0x58 custom_uart.o
 .debug_macro   0x0000da25      0x364 custom_uart.o
 .debug_macro   0x0000dd89       0x82 custom_uart.o
 .debug_macro   0x0000de0b      0x197 custom_uart.o
 .debug_macro   0x0000dfa2       0xb8 custom_uart.o
 .debug_macro   0x0000e05a       0xa0 custom_uart.o
 .debug_macro   0x0000e0fa       0xb2 custom_uart.o
 .debug_macro   0x0000e1ac       0x1c custom_uart.o
 .debug_macro   0x0000e1c8       0x1c custom_uart.o
 .debug_macro   0x0000e1e4       0x1c custom_uart.o
 .debug_macro   0x0000e200       0x7c custom_uart.o
 .debug_macro   0x0000e27c      0x161 custom_uart.o
 .debug_macro   0x0000e3dd       0xdc custom_uart.o
 .debug_macro   0x0000e4b9      0x12f custom_uart.o
 .debug_macro   0x0000e5e8      0x12f custom_uart.o
 .debug_macro   0x0000e717      0x12f custom_uart.o
 .debug_macro   0x0000e846      0x12f custom_uart.o
 .debug_macro   0x0000e975      0x12f custom_uart.o
 .debug_macro   0x0000eaa4      0x12f custom_uart.o
 .debug_macro   0x0000ebd3      0x11e custom_uart.o
 .debug_macro   0x0000ecf1       0xe2 custom_uart.o
 .debug_macro   0x0000edd3       0xe2 custom_uart.o
 .debug_macro   0x0000eeb5       0xe2 custom_uart.o
 .debug_macro   0x0000ef97      0x12c custom_uart.o
 .debug_macro   0x0000f0c3      0x100 custom_uart.o
 .debug_macro   0x0000f1c3       0xf4 custom_uart.o
 .debug_macro   0x0000f2b7      0x40f custom_uart.o
 .debug_macro   0x0000f6c6       0x40 custom_uart.o
 .debug_macro   0x0000f706      0x361 custom_uart.o
 .debug_macro   0x0000fa67     0x16ea custom_uart.o
 .debug_macro   0x00011151       0x6d custom_uart.o
 .debug_macro   0x000111be       0x58 custom_uart.o
 .debug_macro   0x00011216       0x35 custom_uart.o
 .debug_macro   0x0001124b       0x9c custom_uart.o
 .debug_macro   0x000112e7       0x16 custom_uart.o
 .debug_macro   0x000112fd       0x97 custom_uart.o
 .debug_macro   0x00011394      0x34d custom_uart.o
 .debug_macro   0x000116e1      0x104 custom_uart.o
 .debug_macro   0x000117e5       0x10 custom_uart.o
 .debug_macro   0x000117f5       0x58 custom_uart.o
 .debug_macro   0x0001184d       0x1f custom_uart.o
 .debug_macro   0x0001186c       0x43 custom_uart.o
 .debug_macro   0x000118af       0x20 custom_uart.o
 .debug_macro   0x000118cf      0x187 custom_uart.o
 .debug_macro   0x00011a56       0x10 custom_uart.o
 .debug_macro   0x00011a66       0x1c custom_uart.o
 .debug_macro   0x00011a82       0x52 custom_uart.o
 .debug_macro   0x00011ad4       0x40 custom_uart.o
 .debug_macro   0x00011b14       0x10 custom_uart.o
 .debug_macro   0x00011b24       0x40 custom_uart.o
 .debug_macro   0x00011b64       0xd7 custom_uart.o
 .debug_macro   0x00011c3b       0x16 custom_uart.o
 .debug_macro   0x00011c51      0x18b custom_uart.o
 .debug_macro   0x00011ddc      0x143 custom_uart.o
 .debug_macro   0x00011f1f       0x10 custom_uart.o
 .debug_macro   0x00011f2f      0x3c3 custom_uart.o
 .debug_macro   0x000122f2       0x10 custom_uart.o
 .debug_macro   0x00012302       0x16 custom_uart.o
 .debug_macro   0x00012318       0x35 custom_uart.o
 .debug_macro   0x0001234d       0x16 custom_uart.o
 .debug_macro   0x00012363       0x29 custom_uart.o
 .debug_macro   0x0001238c       0xea custom_uart.o
 .debug_macro   0x00012476       0x16 custom_uart.o
 .debug_macro   0x0001248c       0x34 custom_uart.o
 .debug_macro   0x000124c0       0x16 custom_uart.o
 .debug_macro   0x000124d6       0x18 custom_uart.o
 .debug_macro   0x000124ee      0x1da custom_uart.o
 .debug_macro   0x000126c8      0x3d3 custom_uart.o
 .debug_macro   0x00012a9b       0x10 custom_uart.o
 .debug_macro   0x00012aab      0x45d custom_uart.o
 .debug_macro   0x00012f08      0x190 custom_uart.o
 .debug_macro   0x00013098       0x1c custom_uart.o
 .debug_macro   0x000130b4      0xd93 custom_uart.o
 .debug_macro   0x00013e47       0x5e custom_uart.o
 .debug_macro   0x00013ea5       0x16 custom_uart.o
 .debug_macro   0x00013ebb      0x151 custom_uart.o
 .debug_macro   0x0001400c       0x4c custom_uart.o
 .debug_macro   0x00014058       0x10 custom_uart.o
 .debug_macro   0x00014068       0x1c custom_uart.o
 .debug_macro   0x00014084       0x11 custom_uart.o
 .debug_macro   0x00014095       0xe2 custom_uart.o
 .debug_macro   0x00014177       0x1c custom_uart.o
 .debug_macro   0x00014193       0x16 custom_uart.o
 .debug_macro   0x000141a9       0x10 custom_uart.o
 .debug_macro   0x000141b9       0x28 custom_uart.o
 .debug_macro   0x000141e1      0x15b custom_uart.o
 .debug_macro   0x0001433c       0x28 custom_uart.o
 .debug_macro   0x00014364       0x70 custom_uart.o
 .debug_macro   0x000143d4       0x6a custom_uart.o
 .debug_macro   0x0001443e      0x1d9 custom_uart.o
 .debug_macro   0x00014617       0x2e custom_uart.o
 .debug_macro   0x00014645      0x17e custom_uart.o
 .debug_macro   0x000147c3       0x22 custom_uart.o
 .debug_macro   0x000147e5       0x4c custom_uart.o
 .debug_macro   0x00014831      0x801 Main.o
 .debug_macro   0x00015032      0x10e Main.o
 .debug_macro   0x00015140       0x94 Main.o
 .debug_macro   0x000151d4      0x353 Main.o
 .debug_macro   0x00015527       0x40 Main.o
 .debug_macro   0x00015567       0xaf Main.o
 .debug_macro   0x00015616       0x1c Main.o
 .debug_macro   0x00015632      0x135 Main.o
 .debug_macro   0x00015767      0x15d Main.o
 .debug_macro   0x000158c4       0xaf Main.o
 .debug_macro   0x00015973       0x10 Main.o
 .debug_macro   0x00015983       0x1f Main.o
 .debug_macro   0x000159a2       0xc0 Main.o
 .debug_macro   0x00015a62       0x9a Main.o
 .debug_macro   0x00015afc       0x10 Main.o
 .debug_macro   0x00015b0c       0xb0 Main.o
 .debug_macro   0x00015bbc       0x85 Main.o
 .debug_macro   0x00015c41      0x3ae Main.o
 .debug_macro   0x00015fef       0x97 Main.o
 .debug_macro   0x00016086       0x10 Main.o
 .debug_macro   0x00016096       0x43 Main.o
 .debug_macro   0x000160d9      0x46b D:\Github\UART-RTOS-Project\ArduinoRTOS_Sketch\ArduinoCore\Debug\libArduinoCore.a(cortex_handlers.o)
 .debug_macro   0x00016544      0x8e0 D:\Github\UART-RTOS-Project\ArduinoRTOS_Sketch\ArduinoCore\Debug\libArduinoCore.a(cortex_handlers.o)
 .debug_macro   0x00016e24      0x3ad D:\Github\UART-RTOS-Project\ArduinoRTOS_Sketch\ArduinoCore\Debug\libArduinoCore.a(cortex_handlers.o)
 .debug_macro   0x000171d1       0x9c D:\Github\UART-RTOS-Project\ArduinoRTOS_Sketch\ArduinoCore\Debug\libArduinoCore.a(cortex_handlers.o)
 .debug_macro   0x0001726d       0x97 D:\Github\UART-RTOS-Project\ArduinoRTOS_Sketch\ArduinoCore\Debug\libArduinoCore.a(cortex_handlers.o)
 .debug_macro   0x00017304      0x32a D:\Github\UART-RTOS-Project\ArduinoRTOS_Sketch\ArduinoCore\Debug\libArduinoCore.a(cortex_handlers.o)
 .debug_macro   0x0001762e       0xfd D:\Github\UART-RTOS-Project\ArduinoRTOS_Sketch\ArduinoCore\Debug\libArduinoCore.a(cortex_handlers.o)
 .debug_macro   0x0001772b       0x43 D:\Github\UART-RTOS-Project\ArduinoRTOS_Sketch\ArduinoCore\Debug\libArduinoCore.a(cortex_handlers.o)
 .debug_macro   0x0001776e      0x4e4 D:\Github\UART-RTOS-Project\ArduinoRTOS_Sketch\ArduinoCore\Debug\libArduinoCore.a(delay.o)
 .debug_macro   0x00017c52       0x22 D:\Github\UART-RTOS-Project\ArduinoRTOS_Sketch\ArduinoCore\Debug\libArduinoCore.a(delay.o)
 .debug_macro   0x00017c74      0x10e D:\Github\UART-RTOS-Project\ArduinoRTOS_Sketch\ArduinoCore\Debug\libArduinoCore.a(delay.o)
 .debug_macro   0x00017d82       0x8d D:\Github\UART-RTOS-Project\ArduinoRTOS_Sketch\ArduinoCore\Debug\libArduinoCore.a(delay.o)
 .debug_macro   0x00017e0f       0x35 D:\Github\UART-RTOS-Project\ArduinoRTOS_Sketch\ArduinoCore\Debug\libArduinoCore.a(delay.o)
 .debug_macro   0x00017e44      0x1e1 D:\Github\UART-RTOS-Project\ArduinoRTOS_Sketch\ArduinoCore\Debug\libArduinoCore.a(delay.o)
 .debug_macro   0x00018025       0x11 D:\Github\UART-RTOS-Project\ArduinoRTOS_Sketch\ArduinoCore\Debug\libArduinoCore.a(hooks.o)
 .debug_macro   0x00018036      0x6c6 D:\Github\UART-RTOS-Project\ArduinoRTOS_Sketch\ArduinoCore\Debug\libArduinoCore.a(main.o)
 .debug_macro   0x000186fc      0x132 D:\Github\UART-RTOS-Project\ArduinoRTOS_Sketch\ArduinoCore\Debug\libArduinoCore.a(new.o)
 .debug_macro   0x0001882e       0x52 D:\Github\UART-RTOS-Project\ArduinoRTOS_Sketch\ArduinoCore\Debug\libArduinoCore.a(new.o)
 .debug_macro   0x00018880       0x8d D:\Github\UART-RTOS-Project\ArduinoRTOS_Sketch\ArduinoCore\Debug\libArduinoCore.a(new.o)
 .debug_macro   0x0001890d       0x57 D:\Github\UART-RTOS-Project\ArduinoRTOS_Sketch\ArduinoCore\Debug\libArduinoCore.a(new.o)
 .debug_macro   0x00018964      0x6d1 D:\Github\UART-RTOS-Project\ArduinoRTOS_Sketch\ArduinoCore\Debug\libArduinoCore.a(Reset.o)
 .debug_macro   0x00019035      0x48f D:\Github\UART-RTOS-Project\ArduinoRTOS_Sketch\ArduinoCore\Debug\libArduinoCore.a(startup.o)
 .debug_macro   0x000194c4      0x739 D:\Github\UART-RTOS-Project\ArduinoRTOS_Sketch\ArduinoCore\Debug\libArduinoCore.a(USBCore.o)
 .debug_macro   0x00019bfd       0x2b D:\Github\UART-RTOS-Project\ArduinoRTOS_Sketch\ArduinoCore\Debug\libArduinoCore.a(USBCore.o)
 .debug_macro   0x00019c28       0xee D:\Github\UART-RTOS-Project\ArduinoRTOS_Sketch\ArduinoCore\Debug\libArduinoCore.a(USBCore.o)
 .debug_macro   0x00019d16      0x4d7 D:\Github\UART-RTOS-Project\ArduinoRTOS_Sketch\ArduinoCore\Debug\libArduinoCore.a(wiring.o)
 .debug_macro   0x0001a1ed      0x330 D:\Github\UART-RTOS-Project\ArduinoRTOS_Sketch\ArduinoCore\Debug\libArduinoCore.a(wiring.o)
 .debug_macro   0x0001a51d      0x173 D:\Github\UART-RTOS-Project\ArduinoRTOS_Sketch\ArduinoCore\Debug\libArduinoCore.a(wiring.o)
 .debug_macro   0x0001a690      0x59b D:\Github\UART-RTOS-Project\ArduinoRTOS_Sketch\ArduinoCore\Debug\libArduinoCore.a(wiring_analog.o)
 .debug_macro   0x0001ac2b      0x4d7 D:\Github\UART-RTOS-Project\ArduinoRTOS_Sketch\ArduinoCore\Debug\libArduinoCore.a(wiring_digital.o)
 .debug_macro   0x0001b102      0x59b D:\Github\UART-RTOS-Project\ArduinoRTOS_Sketch\ArduinoCore\Debug\libArduinoCore.a(wiring_private.o)
 .debug_macro   0x0001b69d      0x563 D:\Github\UART-RTOS-Project\ArduinoRTOS_Sketch\ArduinoCore\Debug\libArduinoCore.a(error_hooks.o)
 .debug_macro   0x0001bc00      0x596 D:\Github\UART-RTOS-Project\ArduinoRTOS_Sketch\ArduinoCore\Debug\libArduinoCore.a(variant.o)
 .debug_macro   0x0001c196       0x82 D:\Github\UART-RTOS-Project\ArduinoRTOS_Sketch\ArduinoCore\Debug\libArduinoCore.a(variant.o)
 .debug_macro   0x0001c218       0xa2 D:\Github\UART-RTOS-Project\ArduinoRTOS_Sketch\ArduinoCore\Debug\libArduinoCore.a(variant.o)
 .debug_macro   0x0001c2ba      0x196 D:\Github\UART-RTOS-Project\ArduinoRTOS_Sketch\ArduinoCore\Debug\libArduinoCore.a(variant.o)
 .debug_macro   0x0001c450      0x5a8 D:\Github\UART-RTOS-Project\ArduinoRTOS_Sketch\ArduinoCore\Debug\libArduinoCore.a(SERCOM.o)
 .debug_macro   0x0001c9f8       0x10 D:\Github\UART-RTOS-Project\ArduinoRTOS_Sketch\ArduinoCore\Debug\libArduinoCore.a(SERCOM.o)
 .debug_macro   0x0001ca08      0x6e1 D:\Github\UART-RTOS-Project\ArduinoRTOS_Sketch\ArduinoCore\Debug\libArduinoCore.a(Uart.o)
 .debug_macro   0x0001d0e9      0x6e0 D:\Github\UART-RTOS-Project\ArduinoRTOS_Sketch\ArduinoCore\Debug\libArduinoCore.a(CDC.o)
 .debug_macro   0x0001d7c9      0x2e1 D:\Github\UART-RTOS-Project\ArduinoRTOS_Sketch\ArduinoCore\Debug\libArduinoCore.a(PluggableUSB.o)
 .debug_macro   0x0001daaa      0x6c6 D:\Github\UART-RTOS-Project\ArduinoRTOS_Sketch\ArduinoCore\Debug\libArduinoCore.a(Print.o)

.debug_line     0x00000000     0xe492
 .debug_line    0x00000000      0xdda custom_uart.o
 .debug_line    0x00000dda      0xe0a Main.o
 .debug_line    0x00001be4      0x7e0 D:\Github\UART-RTOS-Project\ArduinoRTOS_Sketch\ArduinoCore\Debug\libArduinoCore.a(cortex_handlers.o)
 .debug_line    0x000023c4      0x8d4 D:\Github\UART-RTOS-Project\ArduinoRTOS_Sketch\ArduinoCore\Debug\libArduinoCore.a(delay.o)
 .debug_line    0x00002c98       0x63 D:\Github\UART-RTOS-Project\ArduinoRTOS_Sketch\ArduinoCore\Debug\libArduinoCore.a(hooks.o)
 .debug_line    0x00002cfb      0xc1e D:\Github\UART-RTOS-Project\ArduinoRTOS_Sketch\ArduinoCore\Debug\libArduinoCore.a(main.o)
 .debug_line    0x00003919      0x3fb D:\Github\UART-RTOS-Project\ArduinoRTOS_Sketch\ArduinoCore\Debug\libArduinoCore.a(new.o)
 .debug_line    0x00003d14      0xc78 D:\Github\UART-RTOS-Project\ArduinoRTOS_Sketch\ArduinoCore\Debug\libArduinoCore.a(Reset.o)
 .debug_line    0x0000498c      0x802 D:\Github\UART-RTOS-Project\ArduinoRTOS_Sketch\ArduinoCore\Debug\libArduinoCore.a(startup.o)
 .debug_line    0x0000518e     0x1760 D:\Github\UART-RTOS-Project\ArduinoRTOS_Sketch\ArduinoCore\Debug\libArduinoCore.a(USBCore.o)
 .debug_line    0x000068ee      0x8ba D:\Github\UART-RTOS-Project\ArduinoRTOS_Sketch\ArduinoCore\Debug\libArduinoCore.a(wiring.o)
 .debug_line    0x000071a8      0xac2 D:\Github\UART-RTOS-Project\ArduinoRTOS_Sketch\ArduinoCore\Debug\libArduinoCore.a(wiring_analog.o)
 .debug_line    0x00007c6a      0x8ab D:\Github\UART-RTOS-Project\ArduinoRTOS_Sketch\ArduinoCore\Debug\libArduinoCore.a(wiring_digital.o)
 .debug_line    0x00008515      0x947 D:\Github\UART-RTOS-Project\ArduinoRTOS_Sketch\ArduinoCore\Debug\libArduinoCore.a(wiring_private.o)
 .debug_line    0x00008e5c      0x9e9 D:\Github\UART-RTOS-Project\ArduinoRTOS_Sketch\ArduinoCore\Debug\libArduinoCore.a(error_hooks.o)
 .debug_line    0x00009845      0x9d8 D:\Github\UART-RTOS-Project\ArduinoRTOS_Sketch\ArduinoCore\Debug\libArduinoCore.a(variant.o)
 .debug_line    0x0000a21d      0xf38 D:\Github\UART-RTOS-Project\ArduinoRTOS_Sketch\ArduinoCore\Debug\libArduinoCore.a(SERCOM.o)
 .debug_line    0x0000b155      0xed7 D:\Github\UART-RTOS-Project\ArduinoRTOS_Sketch\ArduinoCore\Debug\libArduinoCore.a(Uart.o)
 .debug_line    0x0000c02c      0xe52 D:\Github\UART-RTOS-Project\ArduinoRTOS_Sketch\ArduinoCore\Debug\libArduinoCore.a(CDC.o)
 .debug_line    0x0000ce7e      0x6e1 D:\Github\UART-RTOS-Project\ArduinoRTOS_Sketch\ArduinoCore\Debug\libArduinoCore.a(PluggableUSB.o)
 .debug_line    0x0000d55f      0xf33 D:\Github\UART-RTOS-Project\ArduinoRTOS_Sketch\ArduinoCore\Debug\libArduinoCore.a(Print.o)

.debug_str      0x00000000    0x86c1c
 .debug_str     0x00000000    0x7aa1c custom_uart.o
                              0x7b93a (size before relaxing)
 .debug_str     0x0007aa1c     0x56ae Main.o
                              0x80b64 (size before relaxing)
 .debug_str     0x000800ca      0x689 D:\Github\UART-RTOS-Project\ArduinoRTOS_Sketch\ArduinoCore\Debug\libArduinoCore.a(cortex_handlers.o)
                              0x703af (size before relaxing)
 .debug_str     0x00080753       0xb1 D:\Github\UART-RTOS-Project\ArduinoRTOS_Sketch\ArduinoCore\Debug\libArduinoCore.a(delay.o)
                              0x750a5 (size before relaxing)
 .debug_str     0x00080804       0x2b D:\Github\UART-RTOS-Project\ArduinoRTOS_Sketch\ArduinoCore\Debug\libArduinoCore.a(hooks.o)
                               0x25de (size before relaxing)
 .debug_str     0x0008082f       0x75 D:\Github\UART-RTOS-Project\ArduinoRTOS_Sketch\ArduinoCore\Debug\libArduinoCore.a(main.o)
                              0x7af40 (size before relaxing)
 .debug_str     0x000808a4       0x5b D:\Github\UART-RTOS-Project\ArduinoRTOS_Sketch\ArduinoCore\Debug\libArduinoCore.a(new.o)
                               0x7449 (size before relaxing)
 .debug_str     0x000808ff      0x1f1 D:\Github\UART-RTOS-Project\ArduinoRTOS_Sketch\ArduinoCore\Debug\libArduinoCore.a(Reset.o)
                              0x7b1d0 (size before relaxing)
 .debug_str     0x00080af0      0x8ba D:\Github\UART-RTOS-Project\ArduinoRTOS_Sketch\ArduinoCore\Debug\libArduinoCore.a(startup.o)
                              0x70bc8 (size before relaxing)
 .debug_str     0x000813aa     0x2c3e D:\Github\UART-RTOS-Project\ArduinoRTOS_Sketch\ArduinoCore\Debug\libArduinoCore.a(USBCore.o)
                              0x7e74f (size before relaxing)
 .debug_str     0x00083fe8      0x158 D:\Github\UART-RTOS-Project\ArduinoRTOS_Sketch\ArduinoCore\Debug\libArduinoCore.a(wiring.o)
                              0x75982 (size before relaxing)